07-09 11:20:17.083   667   667 I SurfaceFlinger: Removed BufferLayer(0x7531d85000) com.android.todolist/com.android.todolist.MainActivity@9193#1 (1624 x 1157)
07-09 11:20:17.089   667   667 I MiniDump: 0x752f763000 |     Device | 1.000 |    0    0 1440 2880 |   0.0   0.0 1440.0 2880.0 | com.android.todolist/com.[...]olist.MainActivity@9193#0
07-09 11:20:17.091  1360  1463 I SystemUI[Framework]: ==> disableLocked() userId=0, what=0x0, token=android.os.Binder@5897f25, pkg=Window{5bfde74 u0 com.android.todolist/com.android.todolist.MainActivity}, whichFlag=1, bar=com.android.internal.statusbar.IStatusBar$Stub$Proxy@7acb93f
07-09 11:20:17.338   667   667 I MiniDump: 0x752f763000 |     Device | 1.000 |    0    0 1440 2880 |   0.0   0.0 1440.0 2880.0 | com.android.todolist/com.[...]olist.MainActivity@9193#0
07-09 11:20:17.341  1360  1463 I SystemUI[Framework]: ==> disableLocked() userId=0, what=0x0, token=android.os.Binder@5897f25, pkg=Window{5bfde74 u0 com.android.todolist/com.android.todolist.MainActivity}, whichFlag=1, bar=com.android.internal.statusbar.IStatusBar$Stub$Proxy@7acb93f
07-09 11:20:18.939  1360  2561 D InputTransport: channel '5bfde74 com.android.todolist/com.android.todolist.MainActivity (server)' : action=ACTION_DOWN(0), id=0, tooltype=1, deviceId=3, source=0x1002, flags=0x0, edgeFlags=0x0, metaState=0x0, buttonState=0x0, downTime=313305170336000, eventTime=313305170336000, pointerCount=1
07-09 11:20:19.019  1360  2561 D InputTransport: channel '5bfde74 com.android.todolist/com.android.todolist.MainActivity (server)' : action=ACTION_UP(0), id=0, tooltype=1, deviceId=3, source=0x1002, flags=0x0, edgeFlags=0x0, metaState=0x0, buttonState=0x0, downTime=313305170336000, eventTime=313305251024000, pointerCount=1
07-09 11:20:19.050  1360  9180 I ActivityManager: START u0 {cmp=com.android.todolist/.ListActivity (has extras)} from uid 11088
07-09 11:20:19.069   667  3280 I SurfaceFlinger: create ContainerLayer(0x752fb25000) AppWindowToken{81c634 token=Token{4309507 ActivityRecord{7edf46 u0 com.android.todolist/.ListActivity t9606}}} (5760 x 5760)
07-09 11:20:19.083  1360  1463 I SystemUI[Framework]: ==> disableLocked() userId=0, what=0x0, token=android.os.Binder@5897f25, pkg=Window{5bfde74 u0 com.android.todolist/com.android.todolist.MainActivity}, whichFlag=1, bar=com.android.internal.statusbar.IStatusBar$Stub$Proxy@7acb93f
07-09 11:20:19.109  1360  9180 I ActivityManager: The Process com.android.todolist Already Exists in BG. So sending its PID: 9193
07-09 11:20:19.114  1360  9180 D ActivityManager: setVisibility true ActivityRecord{7edf46 u0 com.android.todolist/.ListActivity t9606}
07-09 11:20:19.114  1360  9180 D ActivityManager: setVisibility false ActivityRecord{c53f32 u0 com.android.todolist/.MainActivity t9606}
07-09 11:20:19.116  1360  9180 D ActivityManager: setVisibility true ActivityRecord{7edf46 u0 com.android.todolist/.ListActivity t9606}
07-09 11:20:19.120  1360  9180 D InputDispatcher: Focus left window: Window{5bfde74 u0 com.android.todolist/com.android.todolist.MainActivity}
07-09 11:20:19.128  1360  1463 I SystemUI[Framework]: ==> disableLocked() userId=0, what=0x0, token=android.os.Binder@5897f25, pkg=Window{5bfde74 u0 com.android.todolist/com.android.todolist.MainActivity}, whichFlag=1, bar=com.android.internal.statusbar.IStatusBar$Stub$Proxy@7acb93f
07-09 11:20:19.130  1360  1463 I SystemUI[Framework]: ==> disableLocked() userId=0, what=0x0, token=android.os.Binder@5897f25, pkg=Window{5bfde74 u0 com.android.todolist/com.android.todolist.MainActivity}, whichFlag=1, bar=com.android.internal.statusbar.IStatusBar$Stub$Proxy@7acb93f
07-09 11:20:19.133  1360  1463 I SystemUI[Framework]: ==> disableLocked() userId=0, what=0x0, token=android.os.Binder@5897f25, pkg=Window{5bfde74 u0 com.android.todolist/com.android.todolist.MainActivity}, whichFlag=1, bar=com.android.internal.statusbar.IStatusBar$Stub$Proxy@7acb93f
07-09 11:20:19.278   667  3280 I SurfaceFlinger: create ContainerLayer(0x752fbcc000) f097159 com.android.todolist/com.android.todolist.ListActivity (5760 x 5760)
07-09 11:20:19.298  1360  1463 I SystemUI[Framework]: ==> disableLocked() userId=0, what=0x0, token=android.os.Binder@5897f25, pkg=Window{5bfde74 u0 com.android.todolist/com.android.todolist.MainActivity}, whichFlag=1, bar=com.android.internal.statusbar.IStatusBar$Stub$Proxy@7acb93f
07-09 11:20:19.313  1360  1463 I SystemUI[Framework]: ==> disableLocked() userId=0, what=0x0, token=android.os.Binder@5897f25, pkg=Window{5bfde74 u0 com.android.todolist/com.android.todolist.MainActivity}, whichFlag=1, bar=com.android.internal.statusbar.IStatusBar$Stub$Proxy@7acb93f
07-09 11:20:19.121  1360  9180 D ActivityManager: setVisibility true ActivityRecord{7edf46 u0 com.android.todolist/.ListActivity t9606}
07-09 11:20:19.314   667  2547 I SurfaceFlinger: create BufferLayer(0x7531d91000) com.android.todolist/com.android.todolist.ListActivity@9193 (1440 x 2880)
07-09 11:20:19.318  1360  1463 I SystemUI[Framework]: ==> disableLocked() userId=0, what=0x0, token=android.os.Binder@5897f25, pkg=Window{f097159 u0 com.android.todolist/com.android.todolist.ListActivity}, whichFlag=1, bar=com.android.internal.statusbar.IStatusBar$Stub$Proxy@7acb93f
07-09 11:20:19.318  1360  3079 D InputDispatcher: Focus entered window: Window{f097159 u0 com.android.todolist/com.android.todolist.ListActivity}
07-09 11:20:19.342   667   667 I MiniDump: 0x752f763000 |     Device | 1.000 |    0    0 1440 2880 |   0.0   0.0 1440.0 2880.0 | com.android.todolist/com.[...]olist.MainActivity@9193#0
07-09 11:20:19.377  1360  1463 I SystemUI[Framework]: ==> disableLocked() userId=0, what=0x0, token=android.os.Binder@5897f25, pkg=Window{f097159 u0 com.android.todolist/com.android.todolist.ListActivity}, whichFlag=1, bar=com.android.internal.statusbar.IStatusBar$Stub$Proxy@7acb93f
07-09 11:20:19.379   667   723 I SurfaceFlinger: create ContainerLayer(0x7531d2a000) Surface(name=AppWindowToken{e6b1600 token=Token{fe95483 ActivityRecord{c53f32 u0 com.android.todolist/.MainActivity t9606}}})/@0xfbe8ad9 - animation-leash (5760 x 5760)
07-09 11:20:19.382   667  2547 I SurfaceFlinger: create ContainerLayer(0x7531d94000) Surface(name=AppWindowToken{81c634 token=Token{4309507 ActivityRecord{7edf46 u0 com.android.todolist/.ListActivity t9606}}})/@0x83d2464 - animation-leash (5760 x 5760)
07-09 11:20:19.388  1360  1463 I SystemUI[Framework]: ==> disableLocked() userId=0, what=0x0, token=android.os.Binder@5897f25, pkg=Window{f097159 u0 com.android.todolist/com.android.todolist.ListActivity}, whichFlag=1, bar=com.android.internal.statusbar.IStatusBar$Stub$Proxy@7acb93f
07-09 11:20:19.394  1360  1463 I SystemUI[Framework]: ==> disableLocked() userId=0, what=0x0, token=android.os.Binder@5897f25, pkg=Window{f097159 u0 com.android.todolist/com.android.todolist.ListActivity}, whichFlag=1, bar=com.android.internal.statusbar.IStatusBar$Stub$Proxy@7acb93f
07-09 11:20:19.409   667   667 I MiniDump: 0x752f763000 |     Device | 1.000 |    0    0 1440 2880 |   0.0   0.0 1440.0 2880.0 | com.android.todolist/com.[...]olist.MainActivity@9193#0
07-09 11:20:19.409   667   667 I MiniDump: 0x7531d91000 |     Device | 1.000 |    0 2849 1440 2880 |   0.0 2731.0 1440.0 2762.0 | com.android.todolist/com.[...]olist.ListActivity@9193#0
07-09 11:20:19.812  1360  1463 I SystemUI[Framework]: ==> disableLocked() userId=0, what=0x0, token=android.os.Binder@5897f25, pkg=Window{f097159 u0 com.android.todolist/com.android.todolist.ListActivity}, whichFlag=1, bar=com.android.internal.statusbar.IStatusBar$Stub$Proxy@7acb93f
07-09 11:20:19.820   667   667 I SurfaceFlinger: Removed ContainerLayer(0x7531d2a000) Surface(name=AppWindowToken{e6b1600 token=Token{fe95483 ActivityRecord{c53f32 u0 com.android.todolist/.MainActivity t9606}}})/@0xfbe8ad9 - animation-leash#0 (5760 x 5760)
07-09 11:20:19.820   667   667 I SurfaceFlinger: Removed ContainerLayer(0x7531d94000) Surface(name=AppWindowToken{81c634 token=Token{4309507 ActivityRecord{7edf46 u0 com.android.todolist/.ListActivity t9606}}})/@0x83d2464 - animation-leash#0 (5760 x 5760)
07-09 11:20:19.826   667   667 I MiniDump: 0x7531d91000 |     Device | 1.000 |    0    0 1440 2880 |   0.0   0.0 1440.0 2880.0 | com.android.todolist/com.[...]olist.ListActivity@9193#0
07-09 11:20:19.828  1360  1463 I SystemUI[Framework]: ==> disableLocked() userId=0, what=0x0, token=android.os.Binder@5897f25, pkg=Window{f097159 u0 com.android.todolist/com.android.todolist.ListActivity}, whichFlag=1, bar=com.android.internal.statusbar.IStatusBar$Stub$Proxy@7acb93f
07-09 11:20:19.841  1360  1463 I SystemUI[Framework]: ==> disableLocked() userId=0, what=0x0, token=android.os.Binder@5897f25, pkg=Window{f097159 u0 com.android.todolist/com.android.todolist.ListActivity}, whichFlag=1, bar=com.android.internal.statusbar.IStatusBar$Stub$Proxy@7acb93f
07-09 11:20:19.848  1360  1463 I SystemUI[Framework]: ==> disableLocked() userId=0, what=0x0, token=android.os.Binder@5897f25, pkg=Window{f097159 u0 com.android.todolist/com.android.todolist.ListActivity}, whichFlag=1, bar=com.android.internal.statusbar.IStatusBar$Stub$Proxy@7acb93f
07-09 11:20:19.854  1360  1463 I SystemUI[Framework]: ==> disableLocked() userId=0, what=0x0, token=android.os.Binder@5897f25, pkg=Window{f097159 u0 com.android.todolist/com.android.todolist.ListActivity}, whichFlag=1, bar=com.android.internal.statusbar.IStatusBar$Stub$Proxy@7acb93f
07-09 11:20:19.860  1360  1460 D ActivityManager: setVisibility false ActivityRecord{c53f32 u0 com.android.todolist/.MainActivity t9606}
07-09 11:20:19.872  1360  1463 I SystemUI[Framework]: ==> disableLocked() userId=0, what=0x0, token=android.os.Binder@5897f25, pkg=Window{f097159 u0 com.android.todolist/com.android.todolist.ListActivity}, whichFlag=1, bar=com.android.internal.statusbar.IStatusBar$Stub$Proxy@7acb93f
07-09 11:20:19.885   667   667 I SurfaceFlinger: Removed BufferLayer(0x752f763000) com.android.todolist/com.android.todolist.MainActivity@9193#0 (1440 x 2880)
07-09 11:20:21.053  1360  1463 I SystemUI[Framework]: ==> disableLocked() userId=0, what=0x0, token=android.os.Binder@5897f25, pkg=Window{f097159 u0 com.android.todolist/com.android.todolist.ListActivity}, whichFlag=1, bar=com.android.internal.statusbar.IStatusBar$Stub$Proxy@7acb93f
07-09 11:20:21.067  1360  1463 I SystemUI[Framework]: ==> disableLocked() userId=0, what=0x0, token=android.os.Binder@5897f25, pkg=Window{f097159 u0 com.android.todolist/com.android.todolist.ListActivity}, whichFlag=1, bar=com.android.internal.statusbar.IStatusBar$Stub$Proxy@7acb93f
07-09 11:20:21.077  1360  1463 I SystemUI[Framework]: ==> disableLocked() userId=0, what=0x0, token=android.os.Binder@5897f25, pkg=Window{f097159 u0 com.android.todolist/com.android.todolist.ListActivity}, whichFlag=1, bar=com.android.internal.statusbar.IStatusBar$Stub$Proxy@7acb93f
07-09 11:20:21.331  1360  2561 D InputTransport: channel 'f097159 com.android.todolist/com.android.todolist.ListActivity (server)' : action=ACTION_DOWN(0), id=0, tooltype=1, deviceId=3, source=0x1002, flags=0x0, edgeFlags=0x0, metaState=0x0, buttonState=0x0, downTime=313307561900000, eventTime=313307561900000, pointerCount=1
07-09 11:20:21.394  1360  2561 D InputTransport: channel 'f097159 com.android.todolist/com.android.todolist.ListActivity (server)' : action=ACTION_UP(0), id=0, tooltype=1, deviceId=3, source=0x1002, flags=0x0, edgeFlags=0x0, metaState=0x0, buttonState=0x0, downTime=313307561900000, eventTime=313307626197000, pointerCount=1
07-09 11:20:21.439 28587 28587 D InputViewProxy: startInputView() : com.android.todolist
07-09 11:20:21.462  3019  3254 D Cliptray Service: packageName : com.android.todolist
07-09 11:20:21.490  3419 10836 W mwe     : Infinite Data has no result for 9677661882425161_com.android.todolist [CONTEXT service_id=177 ]
07-09 11:20:21.493  3419 10554 W mwe     : Infinite Data has no result for 9677661882425161_com.android.todolist [CONTEXT service_id=177 ]
07-09 11:20:21.580  1360  1463 I SystemUI[Framework]: ==> disableLocked() userId=0, what=0x0, token=android.os.Binder@5897f25, pkg=Window{f097159 u0 com.android.todolist/com.android.todolist.ListActivity}, whichFlag=1, bar=com.android.internal.statusbar.IStatusBar$Stub$Proxy@7acb93f
07-09 11:20:21.589   667   667 I MiniDump: 0x7531d91000 |     Device | 1.000 |    0    0 1440 2880 |   0.0   0.0 1440.0 2880.0 | com.android.todolist/com.[...]olist.ListActivity@9193#0
07-09 11:20:21.607  1360  1463 I SystemUI[Framework]: ==> disableLocked() userId=0, what=0x0, token=android.os.Binder@5897f25, pkg=Window{f097159 u0 com.android.todolist/com.android.todolist.ListActivity}, whichFlag=1, bar=com.android.internal.statusbar.IStatusBar$Stub$Proxy@7acb93f
07-09 11:20:21.611  1360  1463 I SystemUI[Framework]: ==> disableLocked() userId=0, what=0x0, token=android.os.Binder@5897f25, pkg=Window{f097159 u0 com.android.todolist/com.android.todolist.ListActivity}, whichFlag=1, bar=com.android.internal.statusbar.IStatusBar$Stub$Proxy@7acb93f
07-09 11:20:21.618  1360  1463 I SystemUI[Framework]: ==> disableLocked() userId=0, what=0x0, token=android.os.Binder@5897f25, pkg=Window{f097159 u0 com.android.todolist/com.android.todolist.ListActivity}, whichFlag=1, bar=com.android.internal.statusbar.IStatusBar$Stub$Proxy@7acb93f
07-09 11:20:21.655  1360  1463 I SystemUI[Framework]: ==> disableLocked() userId=0, what=0x0, token=android.os.Binder@5897f25, pkg=Window{f097159 u0 com.android.todolist/com.android.todolist.ListActivity}, whichFlag=1, bar=com.android.internal.statusbar.IStatusBar$Stub$Proxy@7acb93f
07-09 11:20:21.659  1360  1463 I SystemUI[Framework]: ==> disableLocked() userId=0, what=0x0, token=android.os.Binder@5897f25, pkg=Window{f097159 u0 com.android.todolist/com.android.todolist.ListActivity}, whichFlag=1, bar=com.android.internal.statusbar.IStatusBar$Stub$Proxy@7acb93f
07-09 11:20:21.686  1360  1463 I SystemUI[Framework]: ==> disableLocked() userId=0, what=0x0, token=android.os.Binder@5897f25, pkg=Window{f097159 u0 com.android.todolist/com.android.todolist.ListActivity}, whichFlag=1, bar=com.android.internal.statusbar.IStatusBar$Stub$Proxy@7acb93f
07-09 11:20:21.696  1360  1463 I SystemUI[Framework]: ==> disableLocked() userId=0, what=0x0, token=android.os.Binder@5897f25, pkg=Window{f097159 u0 com.android.todolist/com.android.todolist.ListActivity}, whichFlag=1, bar=com.android.internal.statusbar.IStatusBar$Stub$Proxy@7acb93f
07-09 11:20:21.720   667   667 I MiniDump: 0x7531d91000 |     Device | 1.000 |    0    0 1440 2880 |   0.0   0.0 1440.0 2880.0 | com.android.todolist/com.[...]olist.ListActivity@9193#0
07-09 11:20:21.924  1360  1463 I SystemUI[Framework]: ==> disableLocked() userId=0, what=0x0, token=android.os.Binder@5897f25, pkg=Window{f097159 u0 com.android.todolist/com.android.todolist.ListActivity}, whichFlag=1, bar=com.android.internal.statusbar.IStatusBar$Stub$Proxy@7acb93f
07-09 11:20:21.936  1360  1463 I SystemUI[Framework]: ==> disableLocked() userId=0, what=0x0, token=android.os.Binder@5897f25, pkg=Window{f097159 u0 com.android.todolist/com.android.todolist.ListActivity}, whichFlag=1, bar=com.android.internal.statusbar.IStatusBar$Stub$Proxy@7acb93f
07-09 11:20:22.612  1360  1463 I SystemUI[Framework]: ==> disableLocked() userId=0, what=0x0, token=android.os.Binder@5897f25, pkg=Window{f097159 u0 com.android.todolist/com.android.todolist.ListActivity}, whichFlag=1, bar=com.android.internal.statusbar.IStatusBar$Stub$Proxy@7acb93f
07-09 11:20:22.735  1360  1463 I SystemUI[Framework]: ==> disableLocked() userId=0, what=0x0, token=android.os.Binder@5897f25, pkg=Window{f097159 u0 com.android.todolist/com.android.todolist.ListActivity}, whichFlag=1, bar=com.android.internal.statusbar.IStatusBar$Stub$Proxy@7acb93f
07-09 11:20:24.277  1360  1463 I SystemUI[Framework]: ==> disableLocked() userId=0, what=0x0, token=android.os.Binder@5897f25, pkg=Window{f097159 u0 com.android.todolist/com.android.todolist.ListActivity}, whichFlag=1, bar=com.android.internal.statusbar.IStatusBar$Stub$Proxy@7acb93f
07-09 11:20:24.539  1360  1463 I SystemUI[Framework]: ==> disableLocked() userId=0, what=0x0, token=android.os.Binder@5897f25, pkg=Window{f097159 u0 com.android.todolist/com.android.todolist.ListActivity}, whichFlag=1, bar=com.android.internal.statusbar.IStatusBar$Stub$Proxy@7acb93f
07-09 11:20:24.558 28587 28587 D InputViewProxy: startInputView() : com.android.todolist
07-09 11:20:24.575  3019  3254 D Cliptray Service: packageName : com.android.todolist
07-09 11:20:24.599  1360  1463 I SystemUI[Framework]: ==> disableLocked() userId=0, what=0x0, token=android.os.Binder@5897f25, pkg=Window{f097159 u0 com.android.todolist/com.android.todolist.ListActivity}, whichFlag=1, bar=com.android.internal.statusbar.IStatusBar$Stub$Proxy@7acb93f
07-09 11:20:24.604  1360  1463 I SystemUI[Framework]: ==> disableLocked() userId=0, what=0x0, token=android.os.Binder@5897f25, pkg=Window{f097159 u0 com.android.todolist/com.android.todolist.ListActivity}, whichFlag=1, bar=com.android.internal.statusbar.IStatusBar$Stub$Proxy@7acb93f
07-09 11:20:24.629  1360  1463 I SystemUI[Framework]: ==> disableLocked() userId=0, what=0x0, token=android.os.Binder@5897f25, pkg=Window{f097159 u0 com.android.todolist/com.android.todolist.ListActivity}, whichFlag=1, bar=com.android.internal.statusbar.IStatusBar$Stub$Proxy@7acb93f
07-09 11:20:24.651  1360  1463 I SystemUI[Framework]: ==> disableLocked() userId=0, what=0x0, token=android.os.Binder@5897f25, pkg=Window{f097159 u0 com.android.todolist/com.android.todolist.ListActivity}, whichFlag=1, bar=com.android.internal.statusbar.IStatusBar$Stub$Proxy@7acb93f
07-09 11:20:27.443  1360  1463 I SystemUI[Framework]: ==> disableLocked() userId=0, what=0x0, token=android.os.Binder@5897f25, pkg=Window{f097159 u0 com.android.todolist/com.android.todolist.ListActivity}, whichFlag=1, bar=com.android.internal.statusbar.IStatusBar$Stub$Proxy@7acb93f
07-09 11:20:27.490  1360  1463 I SystemUI[Framework]: ==> disableLocked() userId=0, what=0x0, token=android.os.Binder@5897f25, pkg=Window{f097159 u0 com.android.todolist/com.android.todolist.ListActivity}, whichFlag=1, bar=com.android.internal.statusbar.IStatusBar$Stub$Proxy@7acb93f
07-09 11:20:28.991  1360  2561 D InputTransport: channel 'f097159 com.android.todolist/com.android.todolist.ListActivity (server)' : action=ACTION_DOWN(0), id=0, tooltype=1, deviceId=3, source=0x1002, flags=0x0, edgeFlags=0x0, metaState=0x0, buttonState=0x0, downTime=313315221866000, eventTime=313315221866000, pointerCount=1
07-09 11:20:29.045  1360  2561 D InputTransport: channel 'f097159 com.android.todolist/com.android.todolist.ListActivity (server)' : action=ACTION_UP(0), id=0, tooltype=1, deviceId=3, source=0x1002, flags=0x0, edgeFlags=0x0, metaState=0x0, buttonState=0x0, downTime=313315221866000, eventTime=313315277504000, pointerCount=1
07-09 11:20:29.106  1360  1463 I SystemUI[Framework]: ==> disableLocked() userId=0, what=0x0, token=android.os.Binder@5897f25, pkg=Window{f097159 u0 com.android.todolist/com.android.todolist.ListActivity}, whichFlag=1, bar=com.android.internal.statusbar.IStatusBar$Stub$Proxy@7acb93f
07-09 11:20:29.126  1360  1463 I SystemUI[Framework]: ==> disableLocked() userId=0, what=0x0, token=android.os.Binder@5897f25, pkg=Window{f097159 u0 com.android.todolist/com.android.todolist.ListActivity}, whichFlag=1, bar=com.android.internal.statusbar.IStatusBar$Stub$Proxy@7acb93f
07-09 11:20:29.435   667   667 I MiniDump: 0x7531d91000 |     Device | 1.000 |    0    0 1440 2880 |   0.0   0.0 1440.0 2880.0 | com.android.todolist/com.[...]olist.ListActivity@9193#0
07-09 11:20:29.436  1360  1463 I SystemUI[Framework]: ==> disableLocked() userId=0, what=0x0, token=android.os.Binder@5897f25, pkg=Window{f097159 u0 com.android.todolist/com.android.todolist.ListActivity}, whichFlag=1, bar=com.android.internal.statusbar.IStatusBar$Stub$Proxy@7acb93f
07-09 11:20:30.605  1360  2561 D InputTransport: channel 'f097159 com.android.todolist/com.android.todolist.ListActivity (server)' : action=ACTION_DOWN(0), id=0, tooltype=1, deviceId=3, source=0x1002, flags=0x0, edgeFlags=0x0, metaState=0x0, buttonState=0x0, downTime=313316836132000, eventTime=313316836132000, pointerCount=1
07-09 11:20:30.661  1360  2561 D InputTransport: channel 'f097159 com.android.todolist/com.android.todolist.ListActivity (server)' : action=ACTION_UP(0), id=0, tooltype=1, deviceId=3, source=0x1002, flags=0x0, edgeFlags=0x0, metaState=0x0, buttonState=0x0, downTime=313316836132000, eventTime=313316892895000, pointerCount=1
07-09 11:20:31.907  1360  2561 D InputTransport: channel 'f097159 com.android.todolist/com.android.todolist.ListActivity (server)' : action=ACTION_DOWN(0), id=0, tooltype=1, deviceId=3, source=0x1002, flags=0x0, edgeFlags=0x0, metaState=0x0, buttonState=0x0, downTime=313318137752000, eventTime=313318137752000, pointerCount=1
07-09 11:20:31.986  1360  2561 D InputTransport: channel 'f097159 com.android.todolist/com.android.todolist.ListActivity (server)' : action=ACTION_UP(0), id=0, tooltype=1, deviceId=3, source=0x1002, flags=0x0, edgeFlags=0x0, metaState=0x0, buttonState=0x0, downTime=313318137752000, eventTime=313318218493000, pointerCount=1
07-09 11:20:32.434  1360  2561 D InputTransport: channel 'f097159 com.android.todolist/com.android.todolist.ListActivity (server)' : action=ACTION_DOWN(0), id=0, tooltype=1, deviceId=3, source=0x1002, flags=0x0, edgeFlags=0x0, metaState=0x0, buttonState=0x0, downTime=313318664471000, eventTime=313318664471000, pointerCount=1
07-09 11:20:32.530  1360  2561 D InputTransport: channel 'f097159 com.android.todolist/com.android.todolist.ListActivity (server)' : action=ACTION_UP(0), id=0, tooltype=1, deviceId=3, source=0x1002, flags=0x0, edgeFlags=0x0, metaState=0x0, buttonState=0x0, downTime=313318664471000, eventTime=313318762063000, pointerCount=1
07-09 11:20:34.186  1360  2561 D InputTransport: channel 'f097159 com.android.todolist/com.android.todolist.ListActivity (server)' : action=ACTION_DOWN(0), id=0, tooltype=1, deviceId=3, source=0x1002, flags=0x0, edgeFlags=0x0, metaState=0x0, buttonState=0x0, downTime=313320417448000, eventTime=313320417448000, pointerCount=1
07-09 11:20:34.267  1360  2561 D InputTransport: channel 'f097159 com.android.todolist/com.android.todolist.ListActivity (server)' : action=ACTION_UP(0), id=0, tooltype=1, deviceId=3, source=0x1002, flags=0x0, edgeFlags=0x0, metaState=0x0, buttonState=0x0, downTime=313320417448000, eventTime=313320498974000, pointerCount=1
07-09 11:20:34.281  1360  9180 I ActivityManager: START u0 {cmp=com.android.todolist/.MainActivity} from uid 11088
07-09 11:20:34.289   667   723 I SurfaceFlinger: create ContainerLayer(0x7531d1c000) AppWindowToken{4ff5e60 token=Token{43a0263 ActivityRecord{b167892 u0 com.android.todolist/.MainActivity t9606}}} (5760 x 5760)
07-09 11:20:34.302  1360  1463 I SystemUI[Framework]: ==> disableLocked() userId=0, what=0x0, token=android.os.Binder@5897f25, pkg=Window{f097159 u0 com.android.todolist/com.android.todolist.ListActivity}, whichFlag=1, bar=com.android.internal.statusbar.IStatusBar$Stub$Proxy@7acb93f
07-09 11:20:34.312  1360  1463 I SystemUI[Framework]: ==> disableLocked() userId=0, what=0x0, token=android.os.Binder@5897f25, pkg=Window{f097159 u0 com.android.todolist/com.android.todolist.ListActivity}, whichFlag=1, bar=com.android.internal.statusbar.IStatusBar$Stub$Proxy@7acb93f
07-09 11:20:34.319  1360  9180 D ActivityManager: setVisibility false ActivityRecord{7edf46 u0 com.android.todolist/.ListActivity t9606 f}
07-09 11:20:34.319  1360  9180 I ActivityManager: The Process com.android.todolist Already Exists in BG. So sending its PID: 9193
07-09 11:20:34.320  1360  9180 D ActivityManager: setVisibility true ActivityRecord{b167892 u0 com.android.todolist/.MainActivity t9606}
07-09 11:20:34.324  1360  9180 D InputDispatcher: Focus left window: Window{f097159 u0 com.android.todolist/com.android.todolist.ListActivity}
07-09 11:20:34.330  1360  1463 I SystemUI[Framework]: ==> disableLocked() userId=0, what=0x0, token=android.os.Binder@5897f25, pkg=Window{f097159 u0 com.android.todolist/com.android.todolist.ListActivity}, whichFlag=1, bar=com.android.internal.statusbar.IStatusBar$Stub$Proxy@7acb93f
07-09 11:20:34.332  1360  1463 I SystemUI[Framework]: ==> disableLocked() userId=0, what=0x0, token=android.os.Binder@5897f25, pkg=Window{f097159 u0 com.android.todolist/com.android.todolist.ListActivity}, whichFlag=1, bar=com.android.internal.statusbar.IStatusBar$Stub$Proxy@7acb93f
07-09 11:20:34.477   667  1563 I SurfaceFlinger: create ContainerLayer(0x752f6a2000) 16c008c com.android.todolist/com.android.todolist.MainActivity (5760 x 5760)
07-09 11:20:34.556  1360  1463 I SystemUI[Framework]: ==> disableLocked() userId=0, what=0x0, token=android.os.Binder@5897f25, pkg=Window{f097159 u0 com.android.todolist/com.android.todolist.ListActivity}, whichFlag=1, bar=com.android.internal.statusbar.IStatusBar$Stub$Proxy@7acb93f
07-09 11:20:34.558   667   723 I SurfaceFlinger: create BufferLayer(0x7531d2a000) com.android.todolist/com.android.todolist.MainActivity@9193 (1440 x 2880)
07-09 11:20:34.563  1360  1463 I SystemUI[Framework]: ==> disableLocked() userId=0, what=0x0, token=android.os.Binder@5897f25, pkg=Window{16c008c u0 com.android.todolist/com.android.todolist.MainActivity}, whichFlag=1, bar=com.android.internal.statusbar.IStatusBar$Stub$Proxy@7acb93f
07-09 11:20:34.563  1360  9180 D InputDispatcher: Focus entered window: Window{16c008c u0 com.android.todolist/com.android.todolist.MainActivity}
07-09 11:20:34.719   667  1563 I SurfaceFlinger: create ContainerLayer(0x752f74e000) Surface(name=AppWindowToken{81c634 token=Token{4309507 ActivityRecord{7edf46 u0 com.android.todolist/.ListActivity t9606}}})/@0x83d2464 - animation-leash (5760 x 5760)
07-09 11:20:34.720  1360  1463 I SystemUI[Framework]: ==> disableLocked() userId=0, what=0x0, token=android.os.Binder@5897f25, pkg=Window{16c008c u0 com.android.todolist/com.android.todolist.MainActivity}, whichFlag=1, bar=com.android.internal.statusbar.IStatusBar$Stub$Proxy@7acb93f
07-09 11:20:34.724   667  1563 I SurfaceFlinger: create ContainerLayer(0x752f754000) Surface(name=AppWindowToken{4ff5e60 token=Token{43a0263 ActivityRecord{b167892 u0 com.android.todolist/.MainActivity t9606}}})/@0x4ab38b6 - animation-leash (5760 x 5760)
07-09 11:20:34.736  1360  1463 I SystemUI[Framework]: ==> disableLocked() userId=0, what=0x0, token=android.os.Binder@5897f25, pkg=Window{16c008c u0 com.android.todolist/com.android.todolist.MainActivity}, whichFlag=1, bar=com.android.internal.statusbar.IStatusBar$Stub$Proxy@7acb93f
07-09 11:20:34.740  1360  1463 I SystemUI[Framework]: ==> disableLocked() userId=0, what=0x0, token=android.os.Binder@5897f25, pkg=Window{16c008c u0 com.android.todolist/com.android.todolist.MainActivity}, whichFlag=1, bar=com.android.internal.statusbar.IStatusBar$Stub$Proxy@7acb93f
07-09 11:20:34.324  1360  9180 D ActivityManager: setVisibility true ActivityRecord{b167892 u0 com.android.todolist/.MainActivity t9606}
07-09 11:20:34.764   667   667 I MiniDump: 0x7531d91000 |     Device | 1.000 |    0    0 1440 2880 |   0.0   0.0 1440.0 2880.0 | com.android.todolist/com.[...]olist.ListActivity@9193#0
07-09 11:20:34.764   667   667 I MiniDump: 0x7531d2a000 |     Device | 1.000 |    0 2849 1440 2880 |   0.0 2731.0 1440.0 2762.0 | com.android.todolist/com.[...]olist.MainActivity@9193#0
07-09 11:20:35.166  1360  1463 I SystemUI[Framework]: ==> disableLocked() userId=0, what=0x0, token=android.os.Binder@5897f25, pkg=Window{16c008c u0 com.android.todolist/com.android.todolist.MainActivity}, whichFlag=1, bar=com.android.internal.statusbar.IStatusBar$Stub$Proxy@7acb93f
07-09 11:20:35.174  1360  1463 I SystemUI[Framework]: ==> disableLocked() userId=0, what=0x0, token=android.os.Binder@5897f25, pkg=Window{16c008c u0 com.android.todolist/com.android.todolist.MainActivity}, whichFlag=1, bar=com.android.internal.statusbar.IStatusBar$Stub$Proxy@7acb93f
07-09 11:20:35.174   667   667 I SurfaceFlinger: Removed ContainerLayer(0x752f74e000) Surface(name=AppWindowToken{81c634 token=Token{4309507 ActivityRecord{7edf46 u0 com.android.todolist/.ListActivity t9606}}})/@0x83d2464 - animation-leash#0 (5760 x 5760)
07-09 11:20:35.174   667   667 I SurfaceFlinger: Removed ContainerLayer(0x752f754000) Surface(name=AppWindowToken{4ff5e60 token=Token{43a0263 ActivityRecord{b167892 u0 com.android.todolist/.MainActivity t9606}}})/@0x4ab38b6 - animation-leash#0 (5760 x 5760)
07-09 11:20:35.177   667   667 I MiniDump: 0x7531d2a000 |     Device | 1.000 |    0    0 1440 2880 |   0.0   0.0 1440.0 2880.0 | com.android.todolist/com.[...]olist.MainActivity@9193#0
07-09 11:20:35.186  1360  1463 I SystemUI[Framework]: ==> disableLocked() userId=0, what=0x0, token=android.os.Binder@5897f25, pkg=Window{16c008c u0 com.android.todolist/com.android.todolist.MainActivity}, whichFlag=1, bar=com.android.internal.statusbar.IStatusBar$Stub$Proxy@7acb93f
07-09 11:20:35.193  1360  1463 I SystemUI[Framework]: ==> disableLocked() userId=0, what=0x0, token=android.os.Binder@5897f25, pkg=Window{16c008c u0 com.android.todolist/com.android.todolist.MainActivity}, whichFlag=1, bar=com.android.internal.statusbar.IStatusBar$Stub$Proxy@7acb93f
07-09 11:20:35.212  1360  1463 I SystemUI[Framework]: ==> disableLocked() userId=0, what=0x0, token=android.os.Binder@5897f25, pkg=Window{16c008c u0 com.android.todolist/com.android.todolist.MainActivity}, whichFlag=1, bar=com.android.internal.statusbar.IStatusBar$Stub$Proxy@7acb93f
07-09 11:20:35.213  1360  3677 D InputDispatcher: Window went away: Window{f097159 u0 com.android.todolist/com.android.todolist.ListActivity}
07-09 11:20:35.223   667   667 I SurfaceFlinger: Removed ContainerLayer(0x752fbcc000) f097159 com.android.todolist/com.android.todolist.ListActivity#0 (5760 x 5760)
07-09 11:20:35.223   667   667 I SurfaceFlinger: Removed BufferLayer(0x7531d91000) com.android.todolist/com.android.todolist.ListActivity@9193#0 (1440 x 2880)
07-09 11:20:35.240   667   667 I SurfaceFlinger: Removed ContainerLayer(0x752fb25000) AppWindowToken{81c634 token=Token{4309507 ActivityRecord{7edf46 u0 com.android.todolist/.ListActivity t9606}}}#0 (5760 x 5760)
07-09 11:20:35.738  1360  2561 D InputTransport: channel '16c008c com.android.todolist/com.android.todolist.MainActivity (server)' : action=ACTION_DOWN(0), id=0, tooltype=1, deviceId=3, source=0x1002, flags=0x0, edgeFlags=0x0, metaState=0x0, buttonState=0x0, downTime=313321967967000, eventTime=313321967967000, pointerCount=1
07-09 11:20:35.800  1360  2561 D InputTransport: channel '16c008c com.android.todolist/com.android.todolist.MainActivity (server)' : action=ACTION_UP(0), id=0, tooltype=1, deviceId=3, source=0x1002, flags=0x0, edgeFlags=0x0, metaState=0x0, buttonState=0x0, downTime=313321967967000, eventTime=313322032243000, pointerCount=1
07-09 11:20:36.577  1360  2561 D InputTransport: channel '16c008c com.android.todolist/com.android.todolist.MainActivity (server)' : action=ACTION_DOWN(0), id=0, tooltype=1, deviceId=3, source=0x1002, flags=0x0, edgeFlags=0x0, metaState=0x0, buttonState=0x0, downTime=313322808614000, eventTime=313322808614000, pointerCount=1
07-09 11:20:36.625  1360  2561 D InputTransport: channel '16c008c com.android.todolist/com.android.todolist.MainActivity (server)' : action=ACTION_UP(0), id=0, tooltype=1, deviceId=3, source=0x1002, flags=0x0, edgeFlags=0x0, metaState=0x0, buttonState=0x0, downTime=313322808614000, eventTime=313322856882000, pointerCount=1
07-09 11:20:36.702   667   731 I SurfaceFlinger: create ContainerLayer(0x752f792000) cb4a88e com.android.todolist/com.android.todolist.MainActivity (5760 x 5760)
07-09 11:20:36.705  1360  3677 D InputDispatcher: Focus left window: Window{16c008c u0 com.android.todolist/com.android.todolist.MainActivity}
07-09 11:20:36.705  1360  3677 D InputDispatcher: Focus entered window: Window{cb4a88e u0 com.android.todolist/com.android.todolist.MainActivity}
07-09 11:20:36.706  1360  1463 I SystemUI[Framework]: ==> disableLocked() userId=0, what=0x0, token=android.os.Binder@5897f25, pkg=Window{cb4a88e u0 com.android.todolist/com.android.todolist.MainActivity}, whichFlag=1, bar=com.android.internal.statusbar.IStatusBar$Stub$Proxy@7acb93f
07-09 11:20:36.726  1360  1463 I SystemUI[Framework]: ==> disableLocked() userId=0, what=0x0, token=android.os.Binder@5897f25, pkg=Window{cb4a88e u0 com.android.todolist/com.android.todolist.MainActivity}, whichFlag=1, bar=com.android.internal.statusbar.IStatusBar$Stub$Proxy@7acb93f
07-09 11:20:36.729  1360  1463 I SystemUI[Framework]: ==> disableLocked() userId=0, what=0x0, token=android.os.Binder@5897f25, pkg=Window{cb4a88e u0 com.android.todolist/com.android.todolist.MainActivity}, whichFlag=1, bar=com.android.internal.statusbar.IStatusBar$Stub$Proxy@7acb93f
07-09 11:20:36.730   667   731 D SurfaceFlinger: duplicate layer name: changing com.android.todolist/com.android.todolist.MainActivity@9193 to com.android.todolist/com.android.todolist.MainActivity@9193#1
07-09 11:20:36.731   667   731 I SurfaceFlinger: create BufferLayer(0x752fb85000) com.android.todolist/com.android.todolist.MainActivity@9193 (1624 x 1043)
07-09 11:20:36.781  1360  1463 I SystemUI[Framework]: ==> disableLocked() userId=0, what=0x0, token=android.os.Binder@5897f25, pkg=Window{cb4a88e u0 com.android.todolist/com.android.todolist.MainActivity}, whichFlag=1, bar=com.android.internal.statusbar.IStatusBar$Stub$Proxy@7acb93f
07-09 11:20:36.785  1360  1463 I SystemUI[Framework]: ==> disableLocked() userId=0, what=0x0, token=android.os.Binder@5897f25, pkg=Window{cb4a88e u0 com.android.todolist/com.android.todolist.MainActivity}, whichFlag=1, bar=com.android.internal.statusbar.IStatusBar$Stub$Proxy@7acb93f
07-09 11:20:36.786   667  2547 I SurfaceFlinger: create ContainerLayer(0x7531d9a000) Surface(name=cb4a88e com.android.todolist/com.android.todolist.MainActivity)/@0x1b38af - animation-leash (5760 x 5760)
07-09 11:20:36.797  1360  1463 I SystemUI[Framework]: ==> disableLocked() userId=0, what=0x0, token=android.os.Binder@5897f25, pkg=Window{cb4a88e u0 com.android.todolist/com.android.todolist.MainActivity}, whichFlag=1, bar=com.android.internal.statusbar.IStatusBar$Stub$Proxy@7acb93f
07-09 11:20:36.825   667   667 I MiniDump: 0x7531d2a000 |     Device | 1.000 |    0    0 1440 2880 |   0.0   0.0 1440.0 2880.0 | com.android.todolist/com.[...]olist.MainActivity@9193#0
07-09 11:20:36.825   667   667 I MiniDump: 0x752fb85000 |     Device | 0.202 |    0  862 1440 1905 |  92.0   0.0 1532.0 1043.0 | com.android.todolist/com.[...]olist.MainActivity@9193#1
07-09 11:20:36.841   667   667 I MiniDump: 0x7531d2a000 |     Device | 1.000 |    0    0 1440 2880 |   0.0   0.0 1440.0 2880.0 | com.android.todolist/com.[...]olist.MainActivity@9193#0
07-09 11:20:36.841   667   667 I MiniDump: 0x752fb85000 |     Device | 0.392 |    0  862 1440 1905 |  92.0   0.0 1532.0 1043.0 | com.android.todolist/com.[...]olist.MainActivity@9193#1
07-09 11:20:36.960  1360  1463 I SystemUI[Framework]: ==> disableLocked() userId=0, what=0x0, token=android.os.Binder@5897f25, pkg=Window{cb4a88e u0 com.android.todolist/com.android.todolist.MainActivity}, whichFlag=1, bar=com.android.internal.statusbar.IStatusBar$Stub$Proxy@7acb93f
07-09 11:20:36.971   667   667 I SurfaceFlinger: Removed ContainerLayer(0x7531d9a000) Surface(name=cb4a88e com.android.todolist/com.android.todolist.MainActivity)/@0x1b38af - animation-leash#0 (5760 x 5760)
07-09 11:20:36.979  1360  1463 I SystemUI[Framework]: ==> disableLocked() userId=0, what=0x0, token=android.os.Binder@5897f25, pkg=Window{cb4a88e u0 com.android.todolist/com.android.todolist.MainActivity}, whichFlag=1, bar=com.android.internal.statusbar.IStatusBar$Stub$Proxy@7acb93f
07-09 11:20:37.527  1360  2561 D InputTransport: channel 'cb4a88e com.android.todolist/com.android.todolist.MainActivity (server)' : action=ACTION_DOWN(0), id=0, tooltype=1, deviceId=3, source=0x1002, flags=0x0, edgeFlags=0x0, metaState=0x0, buttonState=0x0, downTime=313323757704000, eventTime=313323757704000, pointerCount=1
07-09 11:20:37.647  1360  2561 D InputTransport: channel 'cb4a88e com.android.todolist/com.android.todolist.MainActivity (server)' : action=ACTION_UP(0), id=0, tooltype=1, deviceId=3, source=0x1002, flags=0x0, edgeFlags=0x0, metaState=0x0, buttonState=0x0, downTime=313323757704000, eventTime=313323878817000, pointerCount=1
07-09 11:20:37.676   667  2547 I SurfaceFlinger: create ContainerLayer(0x7531d8e000) Surface(name=cb4a88e com.android.todolist/com.android.todolist.MainActivity)/@0x1b38af - animation-leash (5760 x 5760)
07-09 11:20:37.683  1360  1463 I SystemUI[Framework]: ==> disableLocked() userId=0, what=0x0, token=android.os.Binder@5897f25, pkg=Window{16c008c u0 com.android.todolist/com.android.todolist.MainActivity}, whichFlag=1, bar=com.android.internal.statusbar.IStatusBar$Stub$Proxy@7acb93f
07-09 11:20:37.687  1360  1463 I SystemUI[Framework]: ==> disableLocked() userId=0, what=0x0, token=android.os.Binder@5897f25, pkg=Window{16c008c u0 com.android.todolist/com.android.todolist.MainActivity}, whichFlag=1, bar=com.android.internal.statusbar.IStatusBar$Stub$Proxy@7acb93f
07-09 11:20:37.690  1360  9180 D InputDispatcher: Focus left window: Window{cb4a88e u0 com.android.todolist/com.android.todolist.MainActivity}
07-09 11:20:37.690  1360  9180 D InputDispatcher: Focus entered window: Window{16c008c u0 com.android.todolist/com.android.todolist.MainActivity}
07-09 11:20:37.690  1360  9180 D InputDispatcher: Window went away: Window{cb4a88e u0 com.android.todolist/com.android.todolist.MainActivity}
07-09 11:20:37.692  1360  1463 I SystemUI[Framework]: ==> disableLocked() userId=0, what=0x0, token=android.os.Binder@5897f25, pkg=Window{16c008c u0 com.android.todolist/com.android.todolist.MainActivity}, whichFlag=1, bar=com.android.internal.statusbar.IStatusBar$Stub$Proxy@7acb93f
07-09 11:20:37.855  1360  1463 I SystemUI[Framework]: ==> disableLocked() userId=0, what=0x0, token=android.os.Binder@5897f25, pkg=Window{16c008c u0 com.android.todolist/com.android.todolist.MainActivity}, whichFlag=1, bar=com.android.internal.statusbar.IStatusBar$Stub$Proxy@7acb93f
07-09 11:20:37.856   667  1563 W SurfaceFlinger: Attempting to set client state on removed layer: com.android.todolist/com.android.todolist.MainActivity@9193#1
07-09 11:20:37.856   667  1563 W SurfaceFlinger: Attempting to destroy on removed layer: com.android.todolist/com.android.todolist.MainActivity@9193#1
07-09 11:20:37.862   667   667 I SurfaceFlinger: Removed ContainerLayer(0x752f792000) cb4a88e com.android.todolist/com.android.todolist.MainActivity#0 (5760 x 5760)
07-09 11:20:37.863   667   667 I SurfaceFlinger: Removed BufferLayer(0x752fb85000) com.android.todolist/com.android.todolist.MainActivity@9193#1 (1624 x 1043)
07-09 11:20:37.863   667   667 I SurfaceFlinger: Removed ContainerLayer(0x7531d8e000) Surface(name=cb4a88e com.android.todolist/com.android.todolist.MainActivity)/@0x1b38af - animation-leash#0 (5760 x 5760)
07-09 11:20:37.869   667   667 I MiniDump: 0x7531d2a000 |     Device | 1.000 |    0    0 1440 2880 |   0.0   0.0 1440.0 2880.0 | com.android.todolist/com.[...]olist.MainActivity@9193#0
07-09 11:20:37.872  1360  1463 I SystemUI[Framework]: ==> disableLocked() userId=0, what=0x0, token=android.os.Binder@5897f25, pkg=Window{16c008c u0 com.android.todolist/com.android.todolist.MainActivity}, whichFlag=1, bar=com.android.internal.statusbar.IStatusBar$Stub$Proxy@7acb93f
07-09 11:20:37.880   667   667 I MiniDump: 0x7531d2a000 |     Device | 1.000 |    0    0 1440 2880 |   0.0   0.0 1440.0 2880.0 | com.android.todolist/com.[...]olist.MainActivity@9193#0
