07-09 11:19:57.247  1360  1463 I SystemUI[Framework]: ==> disableLocked() userId=0, what=0x0, token=android.os.Binder@5897f25, pkg=Window{fe482a9 u0 com.android.todolist/com.android.todolist.MainActivity}, whichFlag=1, bar=com.android.internal.statusbar.IStatusBar$Stub$Proxy@7acb93f
07-09 11:19:57.287   667   667 I MiniDump: 0x752f763000 |     Device | 1.000 |    0    0 1440 2880 |   0.0   0.0 1440.0 2880.0 | com.android.todolist/com.[...]olist.MainActivity@9193#0
07-09 11:19:57.287   667   667 I MiniDump: 0x7531c63000 |     Device | 0.214 |    0  805 1440 1962 |  92.0   0.0 1532.0 1157.0 | com.android.todolist/com.[...]olist.MainActivity@9193#1
07-09 11:19:57.420  1360  1463 I SystemUI[Framework]: ==> disableLocked() userId=0, what=0x0, token=android.os.Binder@5897f25, pkg=Window{fe482a9 u0 com.android.todolist/com.android.todolist.MainActivity}, whichFlag=1, bar=com.android.internal.statusbar.IStatusBar$Stub$Proxy@7acb93f
07-09 11:19:57.433   667   667 I SurfaceFlinger: Removed ContainerLayer(0x752f78f000) Surface(name=fe482a9 com.android.todolist/com.android.todolist.MainActivity)/@0x2157cf - animation-leash#0 (5760 x 5760)
07-09 11:19:57.440  1360  1463 I SystemUI[Framework]: ==> disableLocked() userId=0, what=0x0, token=android.os.Binder@5897f25, pkg=Window{fe482a9 u0 com.android.todolist/com.android.todolist.MainActivity}, whichFlag=1, bar=com.android.internal.statusbar.IStatusBar$Stub$Proxy@7acb93f
07-09 11:19:58.212  1360  2561 D InputTransport: channel 'fe482a9 com.android.todolist/com.android.todolist.MainActivity (server)' : action=ACTION_DOWN(0), id=0, tooltype=1, deviceId=3, source=0x1002, flags=0x0, edgeFlags=0x0, metaState=0x0, buttonState=0x0, downTime=313284442358000, eventTime=313284442358000, pointerCount=1
07-09 11:19:58.250  1360  2561 D InputTransport: channel 'fe482a9 com.android.todolist/com.android.todolist.MainActivity (server)' : action=ACTION_UP(0), id=0, tooltype=1, deviceId=3, source=0x1002, flags=0x0, edgeFlags=0x0, metaState=0x0, buttonState=0x0, downTime=313284442358000, eventTime=313284482107000, pointerCount=1
07-09 11:19:58.304 28587 28587 D InputViewProxy: startInputView() : com.android.todolist
07-09 11:19:58.389  3019  3254 D Cliptray Service: packageName : com.android.todolist
07-09 11:19:58.460  3419 26874 W mwe     : Infinite Data has no result for 9677661882425161_com.android.todolist [CONTEXT service_id=177 ]
07-09 11:19:58.488  3419 10835 W mwe     : Infinite Data has no result for 9677661882425161_com.android.todolist [CONTEXT service_id=177 ]
07-09 11:19:58.564  1360  1463 I SystemUI[Framework]: ==> disableLocked() userId=0, what=0x0, token=android.os.Binder@5897f25, pkg=Window{fe482a9 u0 com.android.todolist/com.android.todolist.MainActivity}, whichFlag=1, bar=com.android.internal.statusbar.IStatusBar$Stub$Proxy@7acb93f
07-09 11:19:58.578  1360  1463 I SystemUI[Framework]: ==> disableLocked() userId=0, what=0x0, token=android.os.Binder@5897f25, pkg=Window{fe482a9 u0 com.android.todolist/com.android.todolist.MainActivity}, whichFlag=1, bar=com.android.internal.statusbar.IStatusBar$Stub$Proxy@7acb93f
07-09 11:19:58.581   667  2547 I SurfaceFlinger: create ContainerLayer(0x7531d82000) Surface(name=fe482a9 com.android.todolist/com.android.todolist.MainActivity)/@0x2157cf - animation-leash (5760 x 5760)
07-09 11:19:58.637  1360  1463 I SystemUI[Framework]: ==> disableLocked() userId=0, what=0x0, token=android.os.Binder@5897f25, pkg=Window{fe482a9 u0 com.android.todolist/com.android.todolist.MainActivity}, whichFlag=1, bar=com.android.internal.statusbar.IStatusBar$Stub$Proxy@7acb93f
07-09 11:19:58.663  1360  1463 I SystemUI[Framework]: ==> disableLocked() userId=0, what=0x0, token=android.os.Binder@5897f25, pkg=Window{fe482a9 u0 com.android.todolist/com.android.todolist.MainActivity}, whichFlag=1, bar=com.android.internal.statusbar.IStatusBar$Stub$Proxy@7acb93f
07-09 11:19:58.749  1360  1463 I SystemUI[Framework]: ==> disableLocked() userId=0, what=0x0, token=android.os.Binder@5897f25, pkg=Window{fe482a9 u0 com.android.todolist/com.android.todolist.MainActivity}, whichFlag=1, bar=com.android.internal.statusbar.IStatusBar$Stub$Proxy@7acb93f
07-09 11:19:58.763  1360  1463 I SystemUI[Framework]: ==> disableLocked() userId=0, what=0x0, token=android.os.Binder@5897f25, pkg=Window{fe482a9 u0 com.android.todolist/com.android.todolist.MainActivity}, whichFlag=1, bar=com.android.internal.statusbar.IStatusBar$Stub$Proxy@7acb93f
07-09 11:19:58.772   667   667 I MiniDump: 0x752f763000 |     Device | 1.000 |    0    0 1440 2880 |   0.0   0.0 1440.0 2880.0 | com.android.todolist/com.[...]olist.MainActivity@9193#0
07-09 11:19:58.772   667   667 I MiniDump: 0x7531c63000 |     Device | 1.000 |    0  157 1440 1314 |  92.0   0.0 1532.0 1157.0 | com.android.todolist/com.[...]olist.MainActivity@9193#1
07-09 11:19:58.988  1360  1463 I SystemUI[Framework]: ==> disableLocked() userId=0, what=0x0, token=android.os.Binder@5897f25, pkg=Window{fe482a9 u0 com.android.todolist/com.android.todolist.MainActivity}, whichFlag=1, bar=com.android.internal.statusbar.IStatusBar$Stub$Proxy@7acb93f
07-09 11:19:59.022  1360  1463 I SystemUI[Framework]: ==> disableLocked() userId=0, what=0x0, token=android.os.Binder@5897f25, pkg=Window{fe482a9 u0 com.android.todolist/com.android.todolist.MainActivity}, whichFlag=1, bar=com.android.internal.statusbar.IStatusBar$Stub$Proxy@7acb93f
07-09 11:19:59.034   667   667 I SurfaceFlinger: Removed ContainerLayer(0x7531d82000) Surface(name=fe482a9 com.android.todolist/com.android.todolist.MainActivity)/@0x2157cf - animation-leash#0 (5760 x 5760)
07-09 11:19:59.044  1360  1463 I SystemUI[Framework]: ==> disableLocked() userId=0, what=0x0, token=android.os.Binder@5897f25, pkg=Window{fe482a9 u0 com.android.todolist/com.android.todolist.MainActivity}, whichFlag=1, bar=com.android.internal.statusbar.IStatusBar$Stub$Proxy@7acb93f
07-09 11:19:59.382  1360  1463 I SystemUI[Framework]: ==> disableLocked() userId=0, what=0x0, token=android.os.Binder@5897f25, pkg=Window{fe482a9 u0 com.android.todolist/com.android.todolist.MainActivity}, whichFlag=1, bar=com.android.internal.statusbar.IStatusBar$Stub$Proxy@7acb93f
07-09 11:19:59.413  1360  1463 I SystemUI[Framework]: ==> disableLocked() userId=0, what=0x0, token=android.os.Binder@5897f25, pkg=Window{fe482a9 u0 com.android.todolist/com.android.todolist.MainActivity}, whichFlag=1, bar=com.android.internal.statusbar.IStatusBar$Stub$Proxy@7acb93f
07-09 11:19:59.545  1360  1463 I SystemUI[Framework]: ==> disableLocked() userId=0, what=0x0, token=android.os.Binder@5897f25, pkg=Window{fe482a9 u0 com.android.todolist/com.android.todolist.MainActivity}, whichFlag=1, bar=com.android.internal.statusbar.IStatusBar$Stub$Proxy@7acb93f
07-09 11:20:00.346  1360  1463 I SystemUI[Framework]: ==> disableLocked() userId=0, what=0x0, token=android.os.Binder@5897f25, pkg=Window{fe482a9 u0 com.android.todolist/com.android.todolist.MainActivity}, whichFlag=1, bar=com.android.internal.statusbar.IStatusBar$Stub$Proxy@7acb93f
07-09 11:20:00.715  1360  1463 I SystemUI[Framework]: ==> disableLocked() userId=0, what=0x0, token=android.os.Binder@5897f25, pkg=Window{fe482a9 u0 com.android.todolist/com.android.todolist.MainActivity}, whichFlag=1, bar=com.android.internal.statusbar.IStatusBar$Stub$Proxy@7acb93f
07-09 11:20:00.758  1360  1463 I SystemUI[Framework]: ==> disableLocked() userId=0, what=0x0, token=android.os.Binder@5897f25, pkg=Window{fe482a9 u0 com.android.todolist/com.android.todolist.MainActivity}, whichFlag=1, bar=com.android.internal.statusbar.IStatusBar$Stub$Proxy@7acb93f
07-09 11:20:00.761   667  2547 I SurfaceFlinger: create ContainerLayer(0x7531c7d000) Surface(name=fe482a9 com.android.todolist/com.android.todolist.MainActivity)/@0x2157cf - animation-leash (5760 x 5760)
07-09 11:20:00.802  1360  1463 I SystemUI[Framework]: ==> disableLocked() userId=0, what=0x0, token=android.os.Binder@5897f25, pkg=Window{fe482a9 u0 com.android.todolist/com.android.todolist.MainActivity}, whichFlag=1, bar=com.android.internal.statusbar.IStatusBar$Stub$Proxy@7acb93f
07-09 11:20:01.105   667   667 I MiniDump: 0x752f763000 |     Device | 1.000 |    0    0 1440 2880 |   0.0   0.0 1440.0 2880.0 | com.android.todolist/com.[...]olist.MainActivity@9193#0
07-09 11:20:01.105   667   667 I MiniDump: 0x7531c63000 |     Device | 1.000 |    0  805 1440 1962 |  92.0   0.0 1532.0 1157.0 | com.android.todolist/com.[...]olist.MainActivity@9193#1
07-09 11:20:01.111  1360  1463 I SystemUI[Framework]: ==> disableLocked() userId=0, what=0x0, token=android.os.Binder@5897f25, pkg=Window{fe482a9 u0 com.android.todolist/com.android.todolist.MainActivity}, whichFlag=1, bar=com.android.internal.statusbar.IStatusBar$Stub$Proxy@7acb93f
07-09 11:20:01.201  1360  1463 I SystemUI[Framework]: ==> disableLocked() userId=0, what=0x0, token=android.os.Binder@5897f25, pkg=Window{fe482a9 u0 com.android.todolist/com.android.todolist.MainActivity}, whichFlag=1, bar=com.android.internal.statusbar.IStatusBar$Stub$Proxy@7acb93f
07-09 11:20:01.212   667   667 I SurfaceFlinger: Removed ContainerLayer(0x7531c7d000) Surface(name=fe482a9 com.android.todolist/com.android.todolist.MainActivity)/@0x2157cf - animation-leash#0 (5760 x 5760)
07-09 11:20:01.585  1360  2561 D InputTransport: channel 'fe482a9 com.android.todolist/com.android.todolist.MainActivity (server)' : action=ACTION_DOWN(0), id=0, tooltype=1, deviceId=3, source=0x1002, flags=0x0, edgeFlags=0x0, metaState=0x0, buttonState=0x0, downTime=313287815395000, eventTime=313287815395000, pointerCount=1
07-09 11:20:01.681  1360  2561 D InputTransport: channel 'fe482a9 com.android.todolist/com.android.todolist.MainActivity (server)' : action=ACTION_UP(0), id=0, tooltype=1, deviceId=3, source=0x1002, flags=0x0, edgeFlags=0x0, metaState=0x0, buttonState=0x0, downTime=313287815395000, eventTime=313287912646000, pointerCount=1
07-09 11:20:01.725   667  1563 I SurfaceFlinger: create ContainerLayer(0x752f7aa000) Surface(name=fe482a9 com.android.todolist/com.android.todolist.MainActivity)/@0x2157cf - animation-leash (5760 x 5760)
07-09 11:20:01.731  1360  1463 I SystemUI[Framework]: ==> disableLocked() userId=0, what=0x0, token=android.os.Binder@5897f25, pkg=Window{5bfde74 u0 com.android.todolist/com.android.todolist.MainActivity}, whichFlag=1, bar=com.android.internal.statusbar.IStatusBar$Stub$Proxy@7acb93f
07-09 11:20:01.732  1360  1463 I SystemUI[Framework]: ==> disableLocked() userId=0, what=0x0, token=android.os.Binder@5897f25, pkg=Window{5bfde74 u0 com.android.todolist/com.android.todolist.MainActivity}, whichFlag=1, bar=com.android.internal.statusbar.IStatusBar$Stub$Proxy@7acb93f
07-09 11:20:01.736  1360  9180 D InputDispatcher: Focus left window: Window{fe482a9 u0 com.android.todolist/com.android.todolist.MainActivity}
07-09 11:20:01.736  1360  9180 D InputDispatcher: Focus entered window: Window{5bfde74 u0 com.android.todolist/com.android.todolist.MainActivity}
07-09 11:20:01.736  1360  9180 D InputDispatcher: Window went away: Window{fe482a9 u0 com.android.todolist/com.android.todolist.MainActivity}
07-09 11:20:01.739  1360  1463 I SystemUI[Framework]: ==> disableLocked() userId=0, what=0x0, token=android.os.Binder@5897f25, pkg=Window{5bfde74 u0 com.android.todolist/com.android.todolist.MainActivity}, whichFlag=1, bar=com.android.internal.statusbar.IStatusBar$Stub$Proxy@7acb93f
07-09 11:20:01.813  1360  1463 I SystemUI[Framework]: ==> disableLocked() userId=0, what=0x0, token=android.os.Binder@5897f25, pkg=Window{5bfde74 u0 com.android.todolist/com.android.todolist.MainActivity}, whichFlag=1, bar=com.android.internal.statusbar.IStatusBar$Stub$Proxy@7acb93f
07-09 11:20:01.911  1360  1463 I SystemUI[Framework]: ==> disableLocked() userId=0, what=0x0, token=android.os.Binder@5897f25, pkg=Window{5bfde74 u0 com.android.todolist/com.android.todolist.MainActivity}, whichFlag=1, bar=com.android.internal.statusbar.IStatusBar$Stub$Proxy@7acb93f
07-09 11:20:01.913   667  2547 W SurfaceFlinger: Attempting to set client state on removed layer: com.android.todolist/com.android.todolist.MainActivity@9193#1
07-09 11:20:01.913   667  2547 W SurfaceFlinger: Attempting to destroy on removed layer: com.android.todolist/com.android.todolist.MainActivity@9193#1
07-09 11:20:01.921   667   667 I SurfaceFlinger: Removed ContainerLayer(0x752f7aa000) Surface(name=fe482a9 com.android.todolist/com.android.todolist.MainActivity)/@0x2157cf - animation-leash#0 (5760 x 5760)
07-09 11:20:01.921   667   667 I SurfaceFlinger: Removed ContainerLayer(0x752fb25000) fe482a9 com.android.todolist/com.android.todolist.MainActivity#0 (5760 x 5760)
07-09 11:20:01.922   667   667 I SurfaceFlinger: Removed BufferLayer(0x7531c63000) com.android.todolist/com.android.todolist.MainActivity@9193#1 (1624 x 1157)
07-09 11:20:01.928   667   667 I MiniDump: 0x752f763000 |     Device | 1.000 |    0    0 1440 2880 |   0.0   0.0 1440.0 2880.0 | com.android.todolist/com.[...]olist.MainActivity@9193#0
07-09 11:20:01.931  1360  1463 I SystemUI[Framework]: ==> disableLocked() userId=0, what=0x0, token=android.os.Binder@5897f25, pkg=Window{5bfde74 u0 com.android.todolist/com.android.todolist.MainActivity}, whichFlag=1, bar=com.android.internal.statusbar.IStatusBar$Stub$Proxy@7acb93f
07-09 11:20:02.425  1360  2561 D InputTransport: channel '5bfde74 com.android.todolist/com.android.todolist.MainActivity (server)' : action=ACTION_DOWN(0), id=0, tooltype=1, deviceId=3, source=0x1002, flags=0x0, edgeFlags=0x0, metaState=0x0, buttonState=0x0, downTime=313288655929000, eventTime=313288655929000, pointerCount=1
07-09 11:20:02.472  1360  2561 D InputTransport: channel '5bfde74 com.android.todolist/com.android.todolist.MainActivity (server)' : action=ACTION_UP(0), id=0, tooltype=1, deviceId=3, source=0x1002, flags=0x0, edgeFlags=0x0, metaState=0x0, buttonState=0x0, downTime=313288655929000, eventTime=313288703843000, pointerCount=1
07-09 11:20:03.349  1360  2561 D InputTransport: channel '5bfde74 com.android.todolist/com.android.todolist.MainActivity (server)' : action=ACTION_DOWN(0), id=0, tooltype=1, deviceId=3, source=0x1002, flags=0x0, edgeFlags=0x0, metaState=0x0, buttonState=0x0, downTime=313289579268000, eventTime=313289579268000, pointerCount=1
07-09 11:20:03.419  1360  2561 D InputTransport: channel '5bfde74 com.android.todolist/com.android.todolist.MainActivity (server)' : action=ACTION_UP(0), id=0, tooltype=1, deviceId=3, source=0x1002, flags=0x0, edgeFlags=0x0, metaState=0x0, buttonState=0x0, downTime=313289579268000, eventTime=313289651461000, pointerCount=1
07-09 11:20:03.567   667  1563 I SurfaceFlinger: create ContainerLayer(0x752fb52000) 77abd87 com.android.todolist/com.android.todolist.MainActivity (5760 x 5760)
07-09 11:20:03.570  1360  4029 D InputDispatcher: Focus left window: Window{5bfde74 u0 com.android.todolist/com.android.todolist.MainActivity}
07-09 11:20:03.570  1360  4029 D InputDispatcher: Focus entered window: Window{77abd87 u0 com.android.todolist/com.android.todolist.MainActivity}
07-09 11:20:03.571  1360  1463 I SystemUI[Framework]: ==> disableLocked() userId=0, what=0x0, token=android.os.Binder@5897f25, pkg=Window{77abd87 u0 com.android.todolist/com.android.todolist.MainActivity}, whichFlag=1, bar=com.android.internal.statusbar.IStatusBar$Stub$Proxy@7acb93f
07-09 11:20:03.604  1360  1463 I SystemUI[Framework]: ==> disableLocked() userId=0, what=0x0, token=android.os.Binder@5897f25, pkg=Window{77abd87 u0 com.android.todolist/com.android.todolist.MainActivity}, whichFlag=1, bar=com.android.internal.statusbar.IStatusBar$Stub$Proxy@7acb93f
07-09 11:20:03.609  1360  1463 I SystemUI[Framework]: ==> disableLocked() userId=0, what=0x0, token=android.os.Binder@5897f25, pkg=Window{77abd87 u0 com.android.todolist/com.android.todolist.MainActivity}, whichFlag=1, bar=com.android.internal.statusbar.IStatusBar$Stub$Proxy@7acb93f
07-09 11:20:03.610   667   723 D SurfaceFlinger: duplicate layer name: changing com.android.todolist/com.android.todolist.MainActivity@9193 to com.android.todolist/com.android.todolist.MainActivity@9193#1
07-09 11:20:03.611   667   723 I SurfaceFlinger: create BufferLayer(0x7531d1c000) com.android.todolist/com.android.todolist.MainActivity@9193 (1624 x 1157)
07-09 11:20:03.655  1360  1463 I SystemUI[Framework]: ==> disableLocked() userId=0, what=0x0, token=android.os.Binder@5897f25, pkg=Window{77abd87 u0 com.android.todolist/com.android.todolist.MainActivity}, whichFlag=1, bar=com.android.internal.statusbar.IStatusBar$Stub$Proxy@7acb93f
07-09 11:20:03.663  1360  1463 I SystemUI[Framework]: ==> disableLocked() userId=0, what=0x0, token=android.os.Binder@5897f25, pkg=Window{77abd87 u0 com.android.todolist/com.android.todolist.MainActivity}, whichFlag=1, bar=com.android.internal.statusbar.IStatusBar$Stub$Proxy@7acb93f
07-09 11:20:03.664   667  1563 I SurfaceFlinger: create ContainerLayer(0x752f63f000) Surface(name=77abd87 com.android.todolist/com.android.todolist.MainActivity)/@0x8a508dd - animation-leash (5760 x 5760)
07-09 11:20:03.676  1360  1463 I SystemUI[Framework]: ==> disableLocked() userId=0, what=0x0, token=android.os.Binder@5897f25, pkg=Window{77abd87 u0 com.android.todolist/com.android.todolist.MainActivity}, whichFlag=1, bar=com.android.internal.statusbar.IStatusBar$Stub$Proxy@7acb93f
07-09 11:20:03.720   667   667 I MiniDump: 0x752f763000 |     Device | 1.000 |    0    0 1440 2880 |   0.0   0.0 1440.0 2880.0 | com.android.todolist/com.[...]olist.MainActivity@9193#0
07-09 11:20:03.720   667   667 I MiniDump: 0x7531d1c000 |     Device | 0.202 |    0  805 1440 1962 |  92.0   0.0 1532.0 1157.0 | com.android.todolist/com.[...]olist.MainActivity@9193#1
07-09 11:20:03.854  1360  1463 I SystemUI[Framework]: ==> disableLocked() userId=0, what=0x0, token=android.os.Binder@5897f25, pkg=Window{77abd87 u0 com.android.todolist/com.android.todolist.MainActivity}, whichFlag=1, bar=com.android.internal.statusbar.IStatusBar$Stub$Proxy@7acb93f
07-09 11:20:03.865   667   667 I SurfaceFlinger: Removed ContainerLayer(0x752f63f000) Surface(name=77abd87 com.android.todolist/com.android.todolist.MainActivity)/@0x8a508dd - animation-leash#0 (5760 x 5760)
07-09 11:20:03.872  1360  1463 I SystemUI[Framework]: ==> disableLocked() userId=0, what=0x0, token=android.os.Binder@5897f25, pkg=Window{77abd87 u0 com.android.todolist/com.android.todolist.MainActivity}, whichFlag=1, bar=com.android.internal.statusbar.IStatusBar$Stub$Proxy@7acb93f
07-09 11:20:04.609  1360  2561 D InputTransport: channel '77abd87 com.android.todolist/com.android.todolist.MainActivity (server)' : action=ACTION_DOWN(0), id=0, tooltype=1, deviceId=3, source=0x1002, flags=0x0, edgeFlags=0x0, metaState=0x0, buttonState=0x0, downTime=313290839738000, eventTime=313290839738000, pointerCount=1
07-09 11:20:04.672  1360  2561 D InputTransport: channel '77abd87 com.android.todolist/com.android.todolist.MainActivity (server)' : action=ACTION_UP(0), id=0, tooltype=1, deviceId=3, source=0x1002, flags=0x0, edgeFlags=0x0, metaState=0x0, buttonState=0x0, downTime=313290839738000, eventTime=313290904007000, pointerCount=1
07-09 11:20:04.722   667  1563 I SurfaceFlinger: create ContainerLayer(0x752f679000) Surface(name=77abd87 com.android.todolist/com.android.todolist.MainActivity)/@0x8a508dd - animation-leash (5760 x 5760)
07-09 11:20:04.725  1360  1463 I SystemUI[Framework]: ==> disableLocked() userId=0, what=0x0, token=android.os.Binder@5897f25, pkg=Window{5bfde74 u0 com.android.todolist/com.android.todolist.MainActivity}, whichFlag=1, bar=com.android.internal.statusbar.IStatusBar$Stub$Proxy@7acb93f
07-09 11:20:04.727  1360  1463 I SystemUI[Framework]: ==> disableLocked() userId=0, what=0x0, token=android.os.Binder@5897f25, pkg=Window{5bfde74 u0 com.android.todolist/com.android.todolist.MainActivity}, whichFlag=1, bar=com.android.internal.statusbar.IStatusBar$Stub$Proxy@7acb93f
07-09 11:20:04.730  1360  4029 D InputDispatcher: Focus left window: Window{77abd87 u0 com.android.todolist/com.android.todolist.MainActivity}
07-09 11:20:04.731  1360  4029 D InputDispatcher: Focus entered window: Window{5bfde74 u0 com.android.todolist/com.android.todolist.MainActivity}
07-09 11:20:04.731  1360  4029 D InputDispatcher: Window went away: Window{77abd87 u0 com.android.todolist/com.android.todolist.MainActivity}
07-09 11:20:04.733  1360  1463 I SystemUI[Framework]: ==> disableLocked() userId=0, what=0x0, token=android.os.Binder@5897f25, pkg=Window{5bfde74 u0 com.android.todolist/com.android.todolist.MainActivity}, whichFlag=1, bar=com.android.internal.statusbar.IStatusBar$Stub$Proxy@7acb93f
07-09 11:20:04.773  1360  1463 I SystemUI[Framework]: ==> disableLocked() userId=0, what=0x0, token=android.os.Binder@5897f25, pkg=Window{5bfde74 u0 com.android.todolist/com.android.todolist.MainActivity}, whichFlag=1, bar=com.android.internal.statusbar.IStatusBar$Stub$Proxy@7acb93f
07-09 11:20:04.798  1360  1463 I SystemUI[Framework]: ==> disableLocked() userId=0, what=0x0, token=android.os.Binder@5897f25, pkg=Window{5bfde74 u0 com.android.todolist/com.android.todolist.MainActivity}, whichFlag=1, bar=com.android.internal.statusbar.IStatusBar$Stub$Proxy@7acb93f
07-09 11:20:04.840   667   667 I MiniDump: 0x752f763000 |     Device | 1.000 |    0    0 1440 2880 |   0.0   0.0 1440.0 2880.0 | com.android.todolist/com.[...]olist.MainActivity@9193#0
07-09 11:20:04.840   667   667 I MiniDump: 0x7531d1c000 |     Device | 0.199 |    0  805 1440 1962 |  92.0   0.0 1532.0 1157.0 | com.android.todolist/com.[...]olist.MainActivity@9193#1
07-09 11:20:04.908   667   667 I MiniDump: 0x752f763000 |     Device | 1.000 |    0    0 1440 2880 |   0.0   0.0 1440.0 2880.0 | com.android.todolist/com.[...]olist.MainActivity@9193#0
07-09 11:20:04.912  1360  1463 I SystemUI[Framework]: ==> disableLocked() userId=0, what=0x0, token=android.os.Binder@5897f25, pkg=Window{5bfde74 u0 com.android.todolist/com.android.todolist.MainActivity}, whichFlag=1, bar=com.android.internal.statusbar.IStatusBar$Stub$Proxy@7acb93f
07-09 11:20:04.914   667   731 W SurfaceFlinger: Attempting to set client state on removed layer: com.android.todolist/com.android.todolist.MainActivity@9193#1
07-09 11:20:04.914   667   731 W SurfaceFlinger: Attempting to destroy on removed layer: com.android.todolist/com.android.todolist.MainActivity@9193#1
07-09 11:20:04.920   667   667 I SurfaceFlinger: Removed ContainerLayer(0x752f679000) Surface(name=77abd87 com.android.todolist/com.android.todolist.MainActivity)/@0x8a508dd - animation-leash#0 (5760 x 5760)
07-09 11:20:04.920   667   667 I SurfaceFlinger: Removed ContainerLayer(0x752fb52000) 77abd87 com.android.todolist/com.android.todolist.MainActivity#0 (5760 x 5760)
07-09 11:20:04.920   667   667 I SurfaceFlinger: Removed BufferLayer(0x7531d1c000) com.android.todolist/com.android.todolist.MainActivity@9193#1 (1624 x 1157)
07-09 11:20:04.930  1360  1463 I SystemUI[Framework]: ==> disableLocked() userId=0, what=0x0, token=android.os.Binder@5897f25, pkg=Window{5bfde74 u0 com.android.todolist/com.android.todolist.MainActivity}, whichFlag=1, bar=com.android.internal.statusbar.IStatusBar$Stub$Proxy@7acb93f
07-09 11:20:04.939   667   667 I MiniDump: 0x752f763000 |     Device | 1.000 |    0    0 1440 2880 |   0.0   0.0 1440.0 2880.0 | com.android.todolist/com.[...]olist.MainActivity@9193#0
07-09 11:20:05.326  1360  1463 I SystemUI[Framework]: ==> disableLocked() userId=0, what=0x0, token=android.os.Binder@5897f25, pkg=Window{5bfde74 u0 com.android.todolist/com.android.todolist.MainActivity}, whichFlag=1, bar=com.android.internal.statusbar.IStatusBar$Stub$Proxy@7acb93f
07-09 11:20:05.339  1360  1463 I SystemUI[Framework]: ==> disableLocked() userId=0, what=0x0, token=android.os.Binder@5897f25, pkg=Window{5bfde74 u0 com.android.todolist/com.android.todolist.MainActivity}, whichFlag=1, bar=com.android.internal.statusbar.IStatusBar$Stub$Proxy@7acb93f
07-09 11:20:06.729  1360  1463 I SystemUI[Framework]: ==> disableLocked() userId=0, what=0x0, token=android.os.Binder@5897f25, pkg=Window{5bfde74 u0 com.android.todolist/com.android.todolist.MainActivity}, whichFlag=1, bar=com.android.internal.statusbar.IStatusBar$Stub$Proxy@7acb93f
07-09 11:20:06.737  1360  1463 I SystemUI[Framework]: ==> disableLocked() userId=0, what=0x0, token=android.os.Binder@5897f25, pkg=Window{5bfde74 u0 com.android.todolist/com.android.todolist.MainActivity}, whichFlag=1, bar=com.android.internal.statusbar.IStatusBar$Stub$Proxy@7acb93f
07-09 11:20:06.746  1360  1463 I SystemUI[Framework]: ==> disableLocked() userId=0, what=0x0, token=android.os.Binder@5897f25, pkg=Window{5bfde74 u0 com.android.todolist/com.android.todolist.MainActivity}, whichFlag=1, bar=com.android.internal.statusbar.IStatusBar$Stub$Proxy@7acb93f
07-09 11:20:06.751  1360  1463 I SystemUI[Framework]: ==> disableLocked() userId=0, what=0x0, token=android.os.Binder@5897f25, pkg=Window{5bfde74 u0 com.android.todolist/com.android.todolist.MainActivity}, whichFlag=1, bar=com.android.internal.statusbar.IStatusBar$Stub$Proxy@7acb93f
07-09 11:20:07.049  1360  2561 D InputTransport: channel '5bfde74 com.android.todolist/com.android.todolist.MainActivity (server)' : action=ACTION_DOWN(0), id=0, tooltype=1, deviceId=3, source=0x1002, flags=0x0, edgeFlags=0x0, metaState=0x0, buttonState=0x0, downTime=313293279935000, eventTime=313293279935000, pointerCount=1
07-09 11:20:07.104  1360  2561 D InputTransport: channel '5bfde74 com.android.todolist/com.android.todolist.MainActivity (server)' : action=ACTION_UP(0), id=0, tooltype=1, deviceId=3, source=0x1002, flags=0x0, edgeFlags=0x0, metaState=0x0, buttonState=0x0, downTime=313293279935000, eventTime=313293336435000, pointerCount=1
07-09 11:20:07.213  1360  9180 D InputDispatcher: Focus left window: Window{5bfde74 u0 com.android.todolist/com.android.todolist.MainActivity}
07-09 11:20:07.264   667   667 I MiniDump: 0x752f763000 |     Device | 1.000 |    0    0 1440 2880 |   0.0   0.0 1440.0 2880.0 | com.android.todolist/com.[...]olist.MainActivity@9193#0
07-09 11:20:07.478   667   667 I MiniDump: 0x752f763000 |     Device | 1.000 |    0    0 1440 2880 |   0.0   0.0 1440.0 2880.0 | com.android.todolist/com.[...]olist.MainActivity@9193#0
07-09 11:20:08.495  1360  1463 I SystemUI[Framework]: ==> disableLocked() userId=0, what=0x0, token=android.os.Binder@5897f25, pkg=Window{5bfde74 u0 com.android.todolist/com.android.todolist.MainActivity}, whichFlag=1, bar=com.android.internal.statusbar.IStatusBar$Stub$Proxy@7acb93f
07-09 11:20:08.495  1360  9041 D InputDispatcher: Focus entered window: Window{5bfde74 u0 com.android.todolist/com.android.todolist.MainActivity}
07-09 11:20:08.835  1360  1463 I SystemUI[Framework]: ==> disableLocked() userId=0, what=0x0, token=android.os.Binder@5897f25, pkg=Window{5bfde74 u0 com.android.todolist/com.android.todolist.MainActivity}, whichFlag=1, bar=com.android.internal.statusbar.IStatusBar$Stub$Proxy@7acb93f
07-09 11:20:08.848   667   667 I MiniDump: 0x752f763000 |     Device | 1.000 |    0    0 1440 2880 |   0.0   0.0 1440.0 2880.0 | com.android.todolist/com.[...]olist.MainActivity@9193#0
07-09 11:20:10.279  1360  2561 D InputTransport: channel '5bfde74 com.android.todolist/com.android.todolist.MainActivity (server)' : action=ACTION_DOWN(0), id=0, tooltype=1, deviceId=3, source=0x1002, flags=0x0, edgeFlags=0x0, metaState=0x0, buttonState=0x0, downTime=313296509380000, eventTime=313296509380000, pointerCount=1
07-09 11:20:10.341  1360  2561 D InputTransport: channel '5bfde74 com.android.todolist/com.android.todolist.MainActivity (server)' : action=ACTION_UP(0), id=0, tooltype=1, deviceId=3, source=0x1002, flags=0x0, edgeFlags=0x0, metaState=0x0, buttonState=0x0, downTime=313296509380000, eventTime=313296573030000, pointerCount=1
07-09 11:20:11.892  1360  2561 D InputTransport: channel '5bfde74 com.android.todolist/com.android.todolist.MainActivity (server)' : action=ACTION_DOWN(0), id=0, tooltype=1, deviceId=3, source=0x1002, flags=0x0, edgeFlags=0x0, metaState=0x0, buttonState=0x0, downTime=313298123245000, eventTime=313298123245000, pointerCount=1
07-09 11:20:11.981  1360  2561 D InputTransport: channel '5bfde74 com.android.todolist/com.android.todolist.MainActivity (server)' : action=ACTION_UP(0), id=0, tooltype=1, deviceId=3, source=0x1002, flags=0x0, edgeFlags=0x0, metaState=0x0, buttonState=0x0, downTime=313298123245000, eventTime=313298212810000, pointerCount=1
07-09 11:20:12.060   667  1563 I SurfaceFlinger: create ContainerLayer(0x7531d1c000) df7b4b9 com.android.todolist/com.android.todolist.MainActivity (5760 x 5760)
07-09 11:20:12.063  1360  9180 D InputDispatcher: Focus left window: Window{5bfde74 u0 com.android.todolist/com.android.todolist.MainActivity}
07-09 11:20:12.063  1360  9180 D InputDispatcher: Focus entered window: Window{df7b4b9 u0 com.android.todolist/com.android.todolist.MainActivity}
07-09 11:20:12.063  1360  1463 I SystemUI[Framework]: ==> disableLocked() userId=0, what=0x0, token=android.os.Binder@5897f25, pkg=Window{df7b4b9 u0 com.android.todolist/com.android.todolist.MainActivity}, whichFlag=1, bar=com.android.internal.statusbar.IStatusBar$Stub$Proxy@7acb93f
07-09 11:20:12.129  1360  1463 I SystemUI[Framework]: ==> disableLocked() userId=0, what=0x0, token=android.os.Binder@5897f25, pkg=Window{df7b4b9 u0 com.android.todolist/com.android.todolist.MainActivity}, whichFlag=1, bar=com.android.internal.statusbar.IStatusBar$Stub$Proxy@7acb93f
07-09 11:20:12.130   667   731 D SurfaceFlinger: duplicate layer name: changing com.android.todolist/com.android.todolist.MainActivity@9193 to com.android.todolist/com.android.todolist.MainActivity@9193#1
07-09 11:20:12.130   667   731 I SurfaceFlinger: create BufferLayer(0x752fb25000) com.android.todolist/com.android.todolist.MainActivity@9193 (1624 x 1043)
07-09 11:20:12.133  1360  1463 I SystemUI[Framework]: ==> disableLocked() userId=0, what=0x0, token=android.os.Binder@5897f25, pkg=Window{df7b4b9 u0 com.android.todolist/com.android.todolist.MainActivity}, whichFlag=1, bar=com.android.internal.statusbar.IStatusBar$Stub$Proxy@7acb93f
07-09 11:20:12.175  1360  1463 I SystemUI[Framework]: ==> disableLocked() userId=0, what=0x0, token=android.os.Binder@5897f25, pkg=Window{df7b4b9 u0 com.android.todolist/com.android.todolist.MainActivity}, whichFlag=1, bar=com.android.internal.statusbar.IStatusBar$Stub$Proxy@7acb93f
07-09 11:20:12.181  1360  1463 I SystemUI[Framework]: ==> disableLocked() userId=0, what=0x0, token=android.os.Binder@5897f25, pkg=Window{df7b4b9 u0 com.android.todolist/com.android.todolist.MainActivity}, whichFlag=1, bar=com.android.internal.statusbar.IStatusBar$Stub$Proxy@7acb93f
07-09 11:20:12.182   667   731 I SurfaceFlinger: create ContainerLayer(0x752fb52000) Surface(name=df7b4b9 com.android.todolist/com.android.todolist.MainActivity)/@0xb9e80fe - animation-leash (5760 x 5760)
07-09 11:20:12.192  1360  1463 I SystemUI[Framework]: ==> disableLocked() userId=0, what=0x0, token=android.os.Binder@5897f25, pkg=Window{df7b4b9 u0 com.android.todolist/com.android.todolist.MainActivity}, whichFlag=1, bar=com.android.internal.statusbar.IStatusBar$Stub$Proxy@7acb93f
07-09 11:20:12.223   667   667 I MiniDump: 0x752f763000 |     Device | 1.000 |    0    0 1440 2880 |   0.0   0.0 1440.0 2880.0 | com.android.todolist/com.[...]olist.MainActivity@9193#0
07-09 11:20:12.223   667   667 I MiniDump: 0x752fb25000 |     Device | 0.214 |    0  862 1440 1905 |  92.0   0.0 1532.0 1043.0 | com.android.todolist/com.[...]olist.MainActivity@9193#1
07-09 11:20:12.238   667   667 I MiniDump: 0x752f763000 |     Device | 1.000 |    0    0 1440 2880 |   0.0   0.0 1440.0 2880.0 | com.android.todolist/com.[...]olist.MainActivity@9193#0
07-09 11:20:12.238   667   667 I MiniDump: 0x752fb25000 |     Device | 0.392 |    0  862 1440 1905 |  92.0   0.0 1532.0 1043.0 | com.android.todolist/com.[...]olist.MainActivity@9193#1
07-09 11:20:12.358  1360  1463 I SystemUI[Framework]: ==> disableLocked() userId=0, what=0x0, token=android.os.Binder@5897f25, pkg=Window{df7b4b9 u0 com.android.todolist/com.android.todolist.MainActivity}, whichFlag=1, bar=com.android.internal.statusbar.IStatusBar$Stub$Proxy@7acb93f
07-09 11:20:12.369   667   667 I SurfaceFlinger: Removed ContainerLayer(0x752fb52000) Surface(name=df7b4b9 com.android.todolist/com.android.todolist.MainActivity)/@0xb9e80fe - animation-leash#0 (5760 x 5760)
07-09 11:20:12.376  1360  1463 I SystemUI[Framework]: ==> disableLocked() userId=0, what=0x0, token=android.os.Binder@5897f25, pkg=Window{df7b4b9 u0 com.android.todolist/com.android.todolist.MainActivity}, whichFlag=1, bar=com.android.internal.statusbar.IStatusBar$Stub$Proxy@7acb93f
07-09 11:20:12.752  1360  2561 D InputTransport: channel 'df7b4b9 com.android.todolist/com.android.todolist.MainActivity (server)' : action=ACTION_DOWN(0), id=0, tooltype=1, deviceId=3, source=0x1002, flags=0x0, edgeFlags=0x0, metaState=0x0, buttonState=0x0, downTime=313298981893000, eventTime=313298981893000, pointerCount=1
07-09 11:20:12.822  1360  2561 D InputTransport: channel 'df7b4b9 com.android.todolist/com.android.todolist.MainActivity (server)' : action=ACTION_UP(0), id=0, tooltype=1, deviceId=3, source=0x1002, flags=0x0, edgeFlags=0x0, metaState=0x0, buttonState=0x0, downTime=313298981893000, eventTime=313299053901000, pointerCount=1
07-09 11:20:12.851   667   723 I SurfaceFlinger: create ContainerLayer(0x7531c63000) Surface(name=df7b4b9 com.android.todolist/com.android.todolist.MainActivity)/@0xb9e80fe - animation-leash (5760 x 5760)
07-09 11:20:12.856  1360  1463 I SystemUI[Framework]: ==> disableLocked() userId=0, what=0x0, token=android.os.Binder@5897f25, pkg=Window{5bfde74 u0 com.android.todolist/com.android.todolist.MainActivity}, whichFlag=1, bar=com.android.internal.statusbar.IStatusBar$Stub$Proxy@7acb93f
07-09 11:20:12.859  1360  1463 I SystemUI[Framework]: ==> disableLocked() userId=0, what=0x0, token=android.os.Binder@5897f25, pkg=Window{5bfde74 u0 com.android.todolist/com.android.todolist.MainActivity}, whichFlag=1, bar=com.android.internal.statusbar.IStatusBar$Stub$Proxy@7acb93f
07-09 11:20:12.863  1360  9041 D InputDispatcher: Focus left window: Window{df7b4b9 u0 com.android.todolist/com.android.todolist.MainActivity}
07-09 11:20:12.863  1360  9041 D InputDispatcher: Focus entered window: Window{5bfde74 u0 com.android.todolist/com.android.todolist.MainActivity}
07-09 11:20:12.863  1360  9041 D InputDispatcher: Window went away: Window{df7b4b9 u0 com.android.todolist/com.android.todolist.MainActivity}
07-09 11:20:12.868  1360  1463 I SystemUI[Framework]: ==> disableLocked() userId=0, what=0x0, token=android.os.Binder@5897f25, pkg=Window{5bfde74 u0 com.android.todolist/com.android.todolist.MainActivity}, whichFlag=1, bar=com.android.internal.statusbar.IStatusBar$Stub$Proxy@7acb93f
07-09 11:20:13.038  1360  1463 I SystemUI[Framework]: ==> disableLocked() userId=0, what=0x0, token=android.os.Binder@5897f25, pkg=Window{5bfde74 u0 com.android.todolist/com.android.todolist.MainActivity}, whichFlag=1, bar=com.android.internal.statusbar.IStatusBar$Stub$Proxy@7acb93f
07-09 11:20:13.040   667   731 W SurfaceFlinger: Attempting to set client state on removed layer: com.android.todolist/com.android.todolist.MainActivity@9193#1
07-09 11:20:13.040   667   731 W SurfaceFlinger: Attempting to destroy on removed layer: com.android.todolist/com.android.todolist.MainActivity@9193#1
07-09 11:20:13.046   667   667 I SurfaceFlinger: Removed BufferLayer(0x752fb25000) com.android.todolist/com.android.todolist.MainActivity@9193#1 (1624 x 1043)
07-09 11:20:13.046   667   667 I SurfaceFlinger: Removed ContainerLayer(0x7531c63000) Surface(name=df7b4b9 com.android.todolist/com.android.todolist.MainActivity)/@0xb9e80fe - animation-leash#0 (5760 x 5760)
07-09 11:20:13.046   667   667 I SurfaceFlinger: Removed ContainerLayer(0x7531d1c000) df7b4b9 com.android.todolist/com.android.todolist.MainActivity#0 (5760 x 5760)
07-09 11:20:13.050   667   667 I MiniDump: 0x752f763000 |     Device | 1.000 |    0    0 1440 2880 |   0.0   0.0 1440.0 2880.0 | com.android.todolist/com.[...]olist.MainActivity@9193#0
07-09 11:20:13.054  1360  1463 I SystemUI[Framework]: ==> disableLocked() userId=0, what=0x0, token=android.os.Binder@5897f25, pkg=Window{5bfde74 u0 com.android.todolist/com.android.todolist.MainActivity}, whichFlag=1, bar=com.android.internal.statusbar.IStatusBar$Stub$Proxy@7acb93f
07-09 11:20:13.879  1360  2561 D InputTransport: channel '5bfde74 com.android.todolist/com.android.todolist.MainActivity (server)' : action=ACTION_DOWN(0), id=0, tooltype=1, deviceId=3, source=0x1002, flags=0x0, edgeFlags=0x0, metaState=0x0, buttonState=0x0, downTime=313300109611000, eventTime=313300109611000, pointerCount=1
07-09 11:20:13.909  1360  2561 D InputTransport: channel '5bfde74 com.android.todolist/com.android.todolist.MainActivity (server)' : action=ACTION_UP(0), id=0, tooltype=1, deviceId=3, source=0x1002, flags=0x0, edgeFlags=0x0, metaState=0x0, buttonState=0x0, downTime=313300109611000, eventTime=313300140633000, pointerCount=1
07-09 11:20:14.001   667   723 I SurfaceFlinger: create ContainerLayer(0x7531d82000) e2e3f4f com.android.todolist/com.android.todolist.MainActivity (5760 x 5760)
07-09 11:20:14.005  1360  9180 D InputDispatcher: Focus left window: Window{5bfde74 u0 com.android.todolist/com.android.todolist.MainActivity}
07-09 11:20:14.005  1360  9180 D InputDispatcher: Focus entered window: Window{e2e3f4f u0 com.android.todolist/com.android.todolist.MainActivity}
07-09 11:20:14.007  1360  1463 I SystemUI[Framework]: ==> disableLocked() userId=0, what=0x0, token=android.os.Binder@5897f25, pkg=Window{e2e3f4f u0 com.android.todolist/com.android.todolist.MainActivity}, whichFlag=1, bar=com.android.internal.statusbar.IStatusBar$Stub$Proxy@7acb93f
07-09 11:20:14.037  1360  1463 I SystemUI[Framework]: ==> disableLocked() userId=0, what=0x0, token=android.os.Binder@5897f25, pkg=Window{e2e3f4f u0 com.android.todolist/com.android.todolist.MainActivity}, whichFlag=1, bar=com.android.internal.statusbar.IStatusBar$Stub$Proxy@7acb93f
07-09 11:20:14.043  1360  1463 I SystemUI[Framework]: ==> disableLocked() userId=0, what=0x0, token=android.os.Binder@5897f25, pkg=Window{e2e3f4f u0 com.android.todolist/com.android.todolist.MainActivity}, whichFlag=1, bar=com.android.internal.statusbar.IStatusBar$Stub$Proxy@7acb93f
07-09 11:20:14.045   667   723 D SurfaceFlinger: duplicate layer name: changing com.android.todolist/com.android.todolist.MainActivity@9193 to com.android.todolist/com.android.todolist.MainActivity@9193#1
07-09 11:20:14.046   667   723 I SurfaceFlinger: create BufferLayer(0x7531d85000) com.android.todolist/com.android.todolist.MainActivity@9193 (1624 x 1157)
07-09 11:20:14.087  1360  1463 I SystemUI[Framework]: ==> disableLocked() userId=0, what=0x0, token=android.os.Binder@5897f25, pkg=Window{e2e3f4f u0 com.android.todolist/com.android.todolist.MainActivity}, whichFlag=1, bar=com.android.internal.statusbar.IStatusBar$Stub$Proxy@7acb93f
07-09 11:20:14.093  1360  1463 I SystemUI[Framework]: ==> disableLocked() userId=0, what=0x0, token=android.os.Binder@5897f25, pkg=Window{e2e3f4f u0 com.android.todolist/com.android.todolist.MainActivity}, whichFlag=1, bar=com.android.internal.statusbar.IStatusBar$Stub$Proxy@7acb93f
07-09 11:20:14.094   667  2547 I SurfaceFlinger: create ContainerLayer(0x7531d40000) Surface(name=e2e3f4f com.android.todolist/com.android.todolist.MainActivity)/@0x4e793e5 - animation-leash (5760 x 5760)
07-09 11:20:14.108  1360  1463 I SystemUI[Framework]: ==> disableLocked() userId=0, what=0x0, token=android.os.Binder@5897f25, pkg=Window{e2e3f4f u0 com.android.todolist/com.android.todolist.MainActivity}, whichFlag=1, bar=com.android.internal.statusbar.IStatusBar$Stub$Proxy@7acb93f
07-09 11:20:14.134   667   667 I MiniDump: 0x752f763000 |     Device | 1.000 |    0    0 1440 2880 |   0.0   0.0 1440.0 2880.0 | com.android.todolist/com.[...]olist.MainActivity@9193#0
07-09 11:20:14.134   667   667 I MiniDump: 0x7531d85000 |     Device | 0.202 |    0  805 1440 1962 |  92.0   0.0 1532.0 1157.0 | com.android.todolist/com.[...]olist.MainActivity@9193#1
07-09 11:20:14.152   667   667 I MiniDump: 0x752f763000 |     Device | 1.000 |    0    0 1440 2880 |   0.0   0.0 1440.0 2880.0 | com.android.todolist/com.[...]olist.MainActivity@9193#0
07-09 11:20:14.152   667   667 I MiniDump: 0x7531d85000 |     Device | 0.392 |    0  805 1440 1962 |  92.0   0.0 1532.0 1157.0 | com.android.todolist/com.[...]olist.MainActivity@9193#1
07-09 11:20:14.271  1360  1463 I SystemUI[Framework]: ==> disableLocked() userId=0, what=0x0, token=android.os.Binder@5897f25, pkg=Window{e2e3f4f u0 com.android.todolist/com.android.todolist.MainActivity}, whichFlag=1, bar=com.android.internal.statusbar.IStatusBar$Stub$Proxy@7acb93f
07-09 11:20:14.280   667   667 I SurfaceFlinger: Removed ContainerLayer(0x7531d40000) Surface(name=e2e3f4f com.android.todolist/com.android.todolist.MainActivity)/@0x4e793e5 - animation-leash#0 (5760 x 5760)
07-09 11:20:14.286  1360  1463 I SystemUI[Framework]: ==> disableLocked() userId=0, what=0x0, token=android.os.Binder@5897f25, pkg=Window{e2e3f4f u0 com.android.todolist/com.android.todolist.MainActivity}, whichFlag=1, bar=com.android.internal.statusbar.IStatusBar$Stub$Proxy@7acb93f
07-09 11:20:14.753  1360  2561 D InputTransport: channel 'e2e3f4f com.android.todolist/com.android.todolist.MainActivity (server)' : action=ACTION_DOWN(0), id=0, tooltype=1, deviceId=3, source=0x1002, flags=0x0, edgeFlags=0x0, metaState=0x0, buttonState=0x0, downTime=313300983173000, eventTime=313300983173000, pointerCount=1
07-09 11:20:14.856  1360  2561 D InputTransport: channel 'e2e3f4f com.android.todolist/com.android.todolist.MainActivity (server)' : action=ACTION_UP(0), id=0, tooltype=1, deviceId=3, source=0x1002, flags=0x0, edgeFlags=0x0, metaState=0x0, buttonState=0x0, downTime=313300983173000, eventTime=313301088360000, pointerCount=1
07-09 11:20:14.883 28587 28587 D InputViewProxy: startInputView() : com.android.todolist
07-09 11:20:14.927  3019  3254 D Cliptray Service: packageName : com.android.todolist
07-09 11:20:14.939  3419 10554 W mwe     : Infinite Data has no result for 9677661882425161_com.android.todolist [CONTEXT service_id=177 ]
07-09 11:20:14.943  3419 10835 W mwe     : Infinite Data has no result for 9677661882425161_com.android.todolist [CONTEXT service_id=177 ]
07-09 11:20:14.947  3419 26874 W mwe     : Infinite Data has no result for 9677661882425161_com.android.todolist [CONTEXT service_id=177 ]
07-09 11:20:14.950  3419 26874 W mwe     : Infinite Data has no result for 9677661882425161_com.android.todolist [CONTEXT service_id=177 ]
07-09 11:20:15.042  1360  1463 I SystemUI[Framework]: ==> disableLocked() userId=0, what=0x0, token=android.os.Binder@5897f25, pkg=Window{e2e3f4f u0 com.android.todolist/com.android.todolist.MainActivity}, whichFlag=1, bar=com.android.internal.statusbar.IStatusBar$Stub$Proxy@7acb93f
07-09 11:20:15.050  1360  1463 I SystemUI[Framework]: ==> disableLocked() userId=0, what=0x0, token=android.os.Binder@5897f25, pkg=Window{e2e3f4f u0 com.android.todolist/com.android.todolist.MainActivity}, whichFlag=1, bar=com.android.internal.statusbar.IStatusBar$Stub$Proxy@7acb93f
07-09 11:20:15.055   667  3280 I SurfaceFlinger: create ContainerLayer(0x752f6b4000) Surface(name=e2e3f4f com.android.todolist/com.android.todolist.MainActivity)/@0x4e793e5 - animation-leash (5760 x 5760)
07-09 11:20:15.080  1360  1463 I SystemUI[Framework]: ==> disableLocked() userId=0, what=0x0, token=android.os.Binder@5897f25, pkg=Window{e2e3f4f u0 com.android.todolist/com.android.todolist.MainActivity}, whichFlag=1, bar=com.android.internal.statusbar.IStatusBar$Stub$Proxy@7acb93f
07-09 11:20:15.113  1360  1463 I SystemUI[Framework]: ==> disableLocked() userId=0, what=0x0, token=android.os.Binder@5897f25, pkg=Window{e2e3f4f u0 com.android.todolist/com.android.todolist.MainActivity}, whichFlag=1, bar=com.android.internal.statusbar.IStatusBar$Stub$Proxy@7acb93f
07-09 11:20:15.132  1360  1463 I SystemUI[Framework]: ==> disableLocked() userId=0, what=0x0, token=android.os.Binder@5897f25, pkg=Window{e2e3f4f u0 com.android.todolist/com.android.todolist.MainActivity}, whichFlag=1, bar=com.android.internal.statusbar.IStatusBar$Stub$Proxy@7acb93f
07-09 11:20:15.145  1360  1463 I SystemUI[Framework]: ==> disableLocked() userId=0, what=0x0, token=android.os.Binder@5897f25, pkg=Window{e2e3f4f u0 com.android.todolist/com.android.todolist.MainActivity}, whichFlag=1, bar=com.android.internal.statusbar.IStatusBar$Stub$Proxy@7acb93f
07-09 11:20:15.155   667   667 I MiniDump: 0x752f763000 |     Device | 1.000 |    0    0 1440 2880 |   0.0   0.0 1440.0 2880.0 | com.android.todolist/com.[...]olist.MainActivity@9193#0
07-09 11:20:15.155   667   667 I MiniDump: 0x7531d85000 |     Device | 1.000 |    0  391 1440 1548 |  92.0   0.0 1532.0 1157.0 | com.android.todolist/com.[...]olist.MainActivity@9193#1
07-09 11:20:15.359  1360  1463 I SystemUI[Framework]: ==> disableLocked() userId=0, what=0x0, token=android.os.Binder@5897f25, pkg=Window{e2e3f4f u0 com.android.todolist/com.android.todolist.MainActivity}, whichFlag=1, bar=com.android.internal.statusbar.IStatusBar$Stub$Proxy@7acb93f
07-09 11:20:15.509  1360  1463 I SystemUI[Framework]: ==> disableLocked() userId=0, what=0x0, token=android.os.Binder@5897f25, pkg=Window{e2e3f4f u0 com.android.todolist/com.android.todolist.MainActivity}, whichFlag=1, bar=com.android.internal.statusbar.IStatusBar$Stub$Proxy@7acb93f
07-09 11:20:15.518   667   667 I SurfaceFlinger: Removed ContainerLayer(0x752f6b4000) Surface(name=e2e3f4f com.android.todolist/com.android.todolist.MainActivity)/@0x4e793e5 - animation-leash#0 (5760 x 5760)
07-09 11:20:15.630  1360  1463 I SystemUI[Framework]: ==> disableLocked() userId=0, what=0x0, token=android.os.Binder@5897f25, pkg=Window{e2e3f4f u0 com.android.todolist/com.android.todolist.MainActivity}, whichFlag=1, bar=com.android.internal.statusbar.IStatusBar$Stub$Proxy@7acb93f
07-09 11:20:16.615  1360  1463 I SystemUI[Framework]: ==> disableLocked() userId=0, what=0x0, token=android.os.Binder@5897f25, pkg=Window{e2e3f4f u0 com.android.todolist/com.android.todolist.MainActivity}, whichFlag=1, bar=com.android.internal.statusbar.IStatusBar$Stub$Proxy@7acb93f
07-09 11:20:16.781  1360  2561 D InputTransport: channel 'e2e3f4f com.android.todolist/com.android.todolist.MainActivity (server)' : action=ACTION_DOWN(0), id=0, tooltype=1, deviceId=3, source=0x1002, flags=0x0, edgeFlags=0x0, metaState=0x0, buttonState=0x0, downTime=313303011503000, eventTime=313303011503000, pointerCount=1
07-09 11:20:16.860  1360  2561 D InputTransport: channel 'e2e3f4f com.android.todolist/com.android.todolist.MainActivity (server)' : action=ACTION_UP(0), id=0, tooltype=1, deviceId=3, source=0x1002, flags=0x0, edgeFlags=0x0, metaState=0x0, buttonState=0x0, downTime=313303011503000, eventTime=313303091606000, pointerCount=1
07-09 11:20:16.891   667   723 I SurfaceFlinger: create ContainerLayer(0x7531cf0000) Surface(name=e2e3f4f com.android.todolist/com.android.todolist.MainActivity)/@0x4e793e5 - animation-leash (5760 x 5760)
07-09 11:20:16.895  1360  1463 I SystemUI[Framework]: ==> disableLocked() userId=0, what=0x0, token=android.os.Binder@5897f25, pkg=Window{5bfde74 u0 com.android.todolist/com.android.todolist.MainActivity}, whichFlag=1, bar=com.android.internal.statusbar.IStatusBar$Stub$Proxy@7acb93f
07-09 11:20:16.900  1360  1463 I SystemUI[Framework]: ==> disableLocked() userId=0, what=0x0, token=android.os.Binder@5897f25, pkg=Window{5bfde74 u0 com.android.todolist/com.android.todolist.MainActivity}, whichFlag=1, bar=com.android.internal.statusbar.IStatusBar$Stub$Proxy@7acb93f
07-09 11:20:16.904  1360  9041 D InputDispatcher: Focus left window: Window{e2e3f4f u0 com.android.todolist/com.android.todolist.MainActivity}
07-09 11:20:16.904  1360  9041 D InputDispatcher: Focus entered window: Window{5bfde74 u0 com.android.todolist/com.android.todolist.MainActivity}
07-09 11:20:16.904  1360  9041 D InputDispatcher: Window went away: Window{e2e3f4f u0 com.android.todolist/com.android.todolist.MainActivity}
07-09 11:20:16.910  1360  1463 I SystemUI[Framework]: ==> disableLocked() userId=0, what=0x0, token=android.os.Binder@5897f25, pkg=Window{5bfde74 u0 com.android.todolist/com.android.todolist.MainActivity}, whichFlag=1, bar=com.android.internal.statusbar.IStatusBar$Stub$Proxy@7acb93f
07-09 11:20:17.004  1360  1463 I SystemUI[Framework]: ==> disableLocked() userId=0, what=0x0, token=android.os.Binder@5897f25, pkg=Window{5bfde74 u0 com.android.todolist/com.android.todolist.MainActivity}, whichFlag=1, bar=com.android.internal.statusbar.IStatusBar$Stub$Proxy@7acb93f
07-09 11:20:17.027  1360  1463 I SystemUI[Framework]: ==> disableLocked() userId=0, what=0x0, token=android.os.Binder@5897f25, pkg=Window{5bfde74 u0 com.android.todolist/com.android.todolist.MainActivity}, whichFlag=1, bar=com.android.internal.statusbar.IStatusBar$Stub$Proxy@7acb93f
07-09 11:20:17.071  1360  1463 I SystemUI[Framework]: ==> disableLocked() userId=0, what=0x0, token=android.os.Binder@5897f25, pkg=Window{5bfde74 u0 com.android.todolist/com.android.todolist.MainActivity}, whichFlag=1, bar=com.android.internal.statusbar.IStatusBar$Stub$Proxy@7acb93f
07-09 11:20:17.071   667   723 W SurfaceFlinger: Attempting to set client state on removed layer: com.android.todolist/com.android.todolist.MainActivity@9193#1
07-09 11:20:17.071   667   723 W SurfaceFlinger: Attempting to destroy on removed layer: com.android.todolist/com.android.todolist.MainActivity@9193#1
07-09 11:20:17.082   667   667 I SurfaceFlinger: Removed ContainerLayer(0x7531cf0000) Surface(name=e2e3f4f com.android.todolist/com.android.todolist.MainActivity)/@0x4e793e5 - animation-leash#0 (5760 x 5760)
07-09 11:20:17.082   667   667 I SurfaceFlinger: Removed ContainerLayer(0x7531d82000) e2e3f4f com.android.todolist/com.android.todolist.MainActivity#0 (5760 x 5760)
