07-09 10:16:40.583  1360  3677 W ActivityManager: Invalid packageName: com.android.todolist
07-09 10:16:43.002  1360  1565 I PackageManager: Failed to recover certificates for com.android.todolist: null
07-09 10:16:43.010  1360  1565 I PackageManager: Failed to recover certificates for com.android.todolist: null
07-09 10:16:43.989  1360  1565 V BackupManagerService: restoreAtInstall pkg=com.android.todolist token=12 restoreSet=0
07-09 10:16:44.036  1360  1565 I MaxAspectRatioPackages: packageName : com.android.todolist updated= false  maxAspectRatio= 0.0   DisplayDevice = 2.0
07-09 10:16:44.036  1360  1565 W MaxAspectRatioPackages: packageName : com.android.todolist installed, but set as..6
07-09 10:16:44.076  1360  1360 D OverlayManager: onTargetPackageAdded packageName=com.android.todolist userId=0
07-09 10:16:44.114  3019  3019 D LGPackageLabelService: LGPackageLabelReceiver, onReceive: Intent { act=android.intent.action.PACKAGE_ADDED dat=package:com.android.todolist flg=0x4000010 (has extras) }
07-09 10:16:44.268  1360  4029 W BroadcastQueue: Background execution not allowed: receiving Intent { act=android.intent.action.PACKAGE_ADDED dat=package:com.android.todolist flg=0x4000010 (has extras) } to com.android.contacts/.quickcontact.PackageIntentReceiver
07-09 10:16:44.272  1360  1460 W BroadcastQueue: Background execution not allowed: receiving Intent { act=android.intent.action.PACKAGE_ADDED dat=package:com.android.todolist flg=0x4000010 (has extras) } to com.android.vending/com.google.android.finsky.packagemanager.impl.PackageMonitorReceiverImpl$RegisteredReceiver
07-09 10:16:44.273  1360  1460 W BroadcastQueue: Background execution not allowed: receiving Intent { act=android.intent.action.PACKAGE_ADDED dat=package:com.android.todolist flg=0x4000010 (has extras) } to com.facebook.appmanager/com.facebook.oxygen.common.packages.event.manifest.ManifestPackageEventReceiver
07-09 10:16:44.274  1360  1460 W BroadcastQueue: Background execution not allowed: receiving Intent { act=android.intent.action.PACKAGE_ADDED dat=package:com.android.todolist flg=0x4000010 (has extras) } to com.google.android.gms/.games.chimera.GamesSystemBroadcastReceiverProxy
07-09 10:16:44.289  1360  1460 W BroadcastQueue: Background execution not allowed: receiving Intent { act=android.intent.action.PACKAGE_ADDED dat=package:com.android.todolist flg=0x4000010 (has extras) } to com.google.android.gms/.gass.chimera.PackageChangeBroadcastReceiver
07-09 10:16:44.302  1360  1460 W BroadcastQueue: Background execution not allowed: receiving Intent { act=android.intent.action.PACKAGE_ADDED dat=package:com.android.todolist flg=0x4000010 (has extras) } to com.google.android.gms/.chimera.GmsIntentOperationService$PersistentTrustedReceiver
07-09 10:16:44.303  1360  1460 W BroadcastQueue: Background execution not allowed: receiving Intent { act=android.intent.action.PACKAGE_ADDED dat=package:com.android.todolist flg=0x4000010 (has extras) } to com.google.android.googlequicksearchbox/com.google.android.apps.gsa.googlequicksearchbox.GelStubAppWatcher
07-09 10:16:44.303  1360  1460 W BroadcastQueue: Background execution not allowed: receiving Intent { act=android.intent.action.PACKAGE_ADDED dat=package:com.android.todolist flg=0x4000010 (has extras) } to com.lge.NfcSettings/.Search.NfcSearchingDBUpdateReceiver
07-09 10:16:44.303  1360  1460 W BroadcastQueue: Background execution not allowed: receiving Intent { act=android.intent.action.PACKAGE_ADDED dat=package:com.android.todolist flg=0x4000010 (has extras) } to com.lge.coneshortcut/.ConeShortcuts
07-09 10:16:44.304  1360  1460 W BroadcastQueue: Background execution not allowed: receiving Intent { act=android.intent.action.PACKAGE_ADDED dat=package:com.android.todolist flg=0x4000010 (has extras) } to com.lge.eula/.service.LicenseProviderUpdateObserver
07-09 10:16:44.304  1360  1460 W BroadcastQueue: Background execution not allowed: receiving Intent { act=android.intent.action.PACKAGE_ADDED dat=package:com.android.todolist flg=0x4000010 (has extras) } to com.lge.lgworld/.PackageInstallReceiver
07-09 10:16:44.360  1360  7468 I ActivityManager: Force stopping com.android.todolist appid=11088 user=0: from pid 1249
07-09 10:16:45.091  1360  6447 I ActivityManager: START u0 {act=android.intent.action.MAIN cat=[android.intent.category.LAUNCHER] flg=0x10000000 cmp=com.android.todolist/.MainActivity} from uid 2000
07-09 10:16:45.626  3019 16595 D AutoGameModeMonitor: Display : 0  Package : u0 com.android.todolist  PrevPackage : u0 com.lge.launcher3
07-09 10:16:45.658  1360 12456 D ActivityManager: setVisibility true ActivityRecord{4569c15 u0 com.android.todolist/.MainActivity t9605}
07-09 10:16:45.688  1360  1464 I ActivityManager: Start proc 1329:com.android.todolist/u0a1088 for activity com.android.todolist/.MainActivity
07-09 10:16:45.885  1360  9180 W BroadcastQueue: Background execution not allowed: receiving Intent { act=android.intent.action.PACKAGE_ADDED dat=package:com.android.todolist flg=0x4000010 (has extras) } to com.facebook.katana/com.facebook.feed.platformads.AppInstallReceiver
07-09 10:16:45.893  1360  1460 W BroadcastQueue: Background execution not allowed: receiving Intent { act=android.intent.action.PACKAGE_ADDED dat=package:com.android.todolist flg=0x4000010 (has extras) } to com.grigerlab.transport.minsk/com.appodeal.ads.AppodealPackageAddedReceiver
07-09 10:16:46.066  1360  9180 W BroadcastQueue: Background execution not allowed: receiving Intent { act=android.intent.action.PACKAGE_ADDED dat=package:com.android.todolist flg=0x4000010 (has extras) } to com.tutotoons.app.smolsiesmycutepethouse.free/com.kidoz.sdk.api.receivers.SdkReceiver
07-09 10:16:46.099  1360  9180 D ActivityManager: setVisibility true ActivityRecord{4569c15 u0 com.android.todolist/.MainActivity t9605}
07-09 10:16:46.112  1360  9180 D ActivityManager: setVisibility true ActivityRecord{4569c15 u0 com.android.todolist/.MainActivity t9605}
07-09 10:16:46.280  1329  1329 W ActivityThread: Application com.android.todolist can be debugged on port 8100...
07-09 10:21:13.423  1360  1556 D ActivityManager: setVisibility true ActivityRecord{4569c15 u0 com.android.todolist/.MainActivity t9605}
07-09 10:21:13.437  1360  1556 D ActivityManager: setVisibility true ActivityRecord{4569c15 u0 com.android.todolist/.MainActivity t9605}
07-09 10:27:13.828  1360  3063 D ActivityManager: setVisibility false ActivityRecord{4569c15 u0 com.android.todolist/.MainActivity t9605}
07-09 10:32:24.337  1360  4028 D ActivityManager: setVisibility true ActivityRecord{4569c15 u0 com.android.todolist/.MainActivity t9605}
07-09 10:32:24.352  1360  4028 D ActivityManager: setVisibility true ActivityRecord{4569c15 u0 com.android.todolist/.MainActivity t9605}
07-09 10:32:26.324  3019 16595 D AutoGameModeMonitor: Display : 0  Package : u0 com.lge.launcher3  PrevPackage : u0 com.android.todolist
07-09 10:32:26.349  1360  2561 D ActivityManager: setVisibility false ActivityRecord{4569c15 u0 com.android.todolist/.MainActivity t9605}
07-09 10:32:26.392  1360  1460 D ActivityManager: setVisibility false ActivityRecord{4569c15 u0 com.android.todolist/.MainActivity t9605}
07-09 10:33:28.504  1360  4028 D ActivityManager: setVisibility true ActivityRecord{4569c15 u0 com.android.todolist/.MainActivity t9605}
07-09 10:33:28.520  1360  4028 D ActivityManager: setVisibility true ActivityRecord{4569c15 u0 com.android.todolist/.MainActivity t9605}
07-09 10:33:28.532  3019 26541 D AutoGameModeMonitor: Display : 0  Package : u0 com.android.todolist  PrevPackage : u0 com.android.systemui
07-09 10:44:18.303  1360  4029 D ActivityManager: setVisibility false ActivityRecord{4569c15 u0 com.android.todolist/.MainActivity t9605}
07-09 10:50:38.543  1360  9621 D ActivityManager: setVisibility true ActivityRecord{4569c15 u0 com.android.todolist/.MainActivity t9605}
07-09 10:50:38.553  1360  9621 D ActivityManager: setVisibility true ActivityRecord{4569c15 u0 com.android.todolist/.MainActivity t9605}
07-09 10:50:42.843  3019 16595 D AutoGameModeMonitor: Display : 0  Package : u0 com.lge.launcher3  PrevPackage : u0 com.android.todolist
07-09 10:50:42.858  1360  2561 D ActivityManager: setVisibility false ActivityRecord{4569c15 u0 com.android.todolist/.MainActivity t9605}
07-09 10:50:42.881  1360  1460 D ActivityManager: setVisibility false ActivityRecord{4569c15 u0 com.android.todolist/.MainActivity t9605}
07-09 10:50:47.552  1360  9116 I ActivityManager: Killing 1329:com.android.todolist/u0a1088 (adj 900): remove task
07-09 10:50:47.597  1360  9621 I WindowManager: WIN DEATH: Window{5f34826 u0 com.android.todolist/com.android.todolist.MainActivity}
07-09 10:50:53.704  1360  1360 D ProcessPreLauncher: start prelaunch process : com.android.todolist
07-09 10:50:53.721  1360  1464 I ActivityManager: Start proc 7625:com.android.todolist/u0a1088 for prelaunch
07-09 10:50:53.916  7625  7625 W ActivityThread: Application com.android.todolist can be debugged on port 8100...
07-09 10:50:55.309  1360  9621 I ActivityManager: Killing 7625:com.android.todolist/u0a1088 (adj 900): prelaunch
07-09 10:50:55.561  1360  9041 I ActivityManager: START u0 {act=com.lge.launcher3.intent.action.SHOW_DELETE_DIALOG dat=package:com.android.todolist flg=0x20800000 cmp=com.lge.launcher3/.droptarget.UninstallerActivity (has extras)} from uid 10131
07-09 10:50:56.820  1360  9621 I PackageManager: Change package enabledSetting, com.android.todolist(user 0) old state : 0, and new state : 3
07-09 10:50:56.836  1360  1360 D OverlayManager: onTargetPackageChanged packageName=com.android.todolist userId=0
07-09 10:52:19.343  1360  7069 I ActivityManager: Force stopping com.android.todolist appid=11088 user=0: from pid 7920
07-09 10:52:19.787  1360  4043 I ActivityManager: Force stopping com.android.todolist appid=11088 user=0: from pid 7935
07-09 10:52:19.974  1360  9180 I ActivityManager: START u0 {act=android.intent.action.MAIN cat=[android.intent.category.LAUNCHER] flg=0x10000000 cmp=com.android.todolist/.MainActivity} from uid 2000
07-09 10:52:20.042  1360  9180 I ActivityManager: Force stopping com.android.todolist appid=11088 user=0: from pid 7944
07-09 10:56:22.248  1360  2601 I ActivityManager: Force stopping com.android.todolist appid=11088 user=0: from pid 8471
07-09 10:56:22.261  3678  3678 D FRW_LGBroadcastRadioServiceStub: pkgName : com.android.todolistmClientPackagename :null
07-09 10:56:22.689  1360  9621 I ActivityManager: Force stopping com.android.todolist appid=11088 user=0: from pid 8486
07-09 10:56:22.765  3678  3678 D FRW_LGBroadcastRadioServiceStub: pkgName : com.android.todolistmClientPackagename :null
07-09 10:56:22.780  1360  4029 I ActivityManager: START u0 {act=android.intent.action.MAIN cat=[android.intent.category.LAUNCHER] flg=0x10000000 cmp=com.android.todolist/.MainActivity} from uid 2000
07-09 10:56:22.865  1360  4029 I ActivityManager: Force stopping com.android.todolist appid=11088 user=0: from pid 8498
07-09 10:56:23.269  3678  3678 D FRW_LGBroadcastRadioServiceStub: pkgName : com.android.todolistmClientPackagename :null
07-09 10:56:46.452  1360  2601 I ActivityManager: Force stopping com.android.todolist appid=11088 user=0: from pid 8518
07-09 10:56:46.465  3678  3678 D FRW_LGBroadcastRadioServiceStub: pkgName : com.android.todolistmClientPackagename :null
07-09 10:56:46.600  1360  9621 I ActivityManager: Force stopping com.android.todolist appid=11088 user=0: from pid 8529
07-09 10:56:46.667  1360  4029 I ActivityManager: START u0 {act=android.intent.action.MAIN cat=[android.intent.category.LAUNCHER] flg=0x10000000 cmp=com.android.todolist/.MainActivity} from uid 2000
07-09 10:56:46.748  1360  4029 I ActivityManager: Force stopping com.android.todolist appid=11088 user=0: from pid 8538
07-09 10:56:46.968  3678  3678 D FRW_LGBroadcastRadioServiceStub: pkgName : com.android.todolistmClientPackagename :null
07-09 10:56:47.474  3678  3678 D FRW_LGBroadcastRadioServiceStub: pkgName : com.android.todolistmClientPackagename :null
07-09 10:59:58.976  1360  3726 I ActivityManager: Force stopping com.android.todolist appid=11088 user=0: from pid 8860
07-09 10:59:58.987  3678  3678 D FRW_LGBroadcastRadioServiceStub: pkgName : com.android.todolistmClientPackagename :null
07-09 10:59:59.435  1360  4029 I ActivityManager: Force stopping com.android.todolist appid=11088 user=0: from pid 8876
07-09 10:59:59.490  3678  3678 D FRW_LGBroadcastRadioServiceStub: pkgName : com.android.todolistmClientPackagename :null
07-09 10:59:59.525  1360  7069 I ActivityManager: START u0 {act=android.intent.action.MAIN cat=[android.intent.category.LAUNCHER] flg=0x10000000 cmp=com.android.todolist/.MainActivity} from uid 2000
07-09 10:59:59.589  1360  7069 I ActivityManager: Force stopping com.android.todolist appid=11088 user=0: from pid 8893
07-09 10:59:59.994  3678  3678 D FRW_LGBroadcastRadioServiceStub: pkgName : com.android.todolistmClientPackagename :null
07-09 11:01:26.536  1360  9041 I ActivityManager: Force stopping com.android.todolist appid=11088 user=0: from pid 9100
07-09 11:01:26.553  3678  3678 D FRW_LGBroadcastRadioServiceStub: pkgName : com.android.todolistmClientPackagename :null
07-09 11:01:28.005  9118  9118 I studio.deploy: Streaming succeeded for '/data/app/com.android.todolist-NnXbDRXmmXgHnecAXGv4lQ==/base.apk'
07-09 11:01:28.932 30748  9136 I Finsky  : [12063] aeln.c(3): Verify: Verification package=com.android.todolist, id=20 response=0
07-09 11:01:29.027  1360  1565 I PackageManager: Failed to recover certificates for com.android.todolist: null
07-09 11:01:29.033  1360  1565 I PackageManager: Failed to recover certificates for com.android.todolist: null
07-09 11:01:29.617  1360  1565 I PackageManager: Update package com.android.todolist code path from /data/app/com.android.todolist-NnXbDRXmmXgHnecAXGv4lQ== to /data/app/com.android.todolist-x82fkTQw5yThlwb_rzOdHg==; Retain data and using new
07-09 11:01:29.617  1360  1565 I PackageManager: Update package com.android.todolist resource path from /data/app/com.android.todolist-NnXbDRXmmXgHnecAXGv4lQ== to /data/app/com.android.todolist-x82fkTQw5yThlwb_rzOdHg==; Retain data and using new
07-09 11:01:31.059  1360  1565 I MaxAspectRatioPackages: packageName : com.android.todolist updated= true  maxAspectRatio= 0.0   DisplayDevice = 2.0
07-09 11:01:31.060  1360  1565 I MaxAspectRatioPackages: packageName : com.android.todolist has been updated, but set as default
07-09 11:01:31.067  1360  1360 D OverlayManager: onTargetPackageUpgrading packageName=com.android.todolist userId=0
07-09 11:01:31.077  3019  3019 D LGPackageLabelService: LGPackageLabelReceiver, onReceive: Intent { act=android.intent.action.PACKAGE_REMOVED dat=package:com.android.todolist flg=0x4000010 (has extras) }
07-09 11:01:31.079  3678  3678 D FRW_LGBroadcastRadioServiceStub: pkgName : com.android.todolistmClientPackagename :null
07-09 11:01:31.094  3663  3663 I GsaVoiceInteractionSrv: O received Intent { act=android.intent.action.PACKAGE_REMOVED dat=package:com.android.todolist flg=0x4000010 (has extras) }
07-09 11:01:31.107 21745 21745 D BluetoothMapAppObserver: The removed package is: com.android.todolist
07-09 11:01:31.115 30748 30748 I Finsky  : [2] tjz.n(8): Invalidating cached PackageState for com.android.todolist
07-09 11:01:31.171  3081  3081 D ImsResolver: maybeAddedImsService, packageName: com.android.todolist
07-09 11:01:31.172  3019  3019 D LGPackageLabelService: LGPackageLabelReceiver, onReceive: Intent { act=android.intent.action.PACKAGE_ADDED dat=package:com.android.todolist flg=0x4000010 (has extras) }
07-09 11:01:31.218 21745 21745 D BluetoothMapAppObserver: The installed package is: com.android.todolist
07-09 11:01:31.230  1360  1460 W BroadcastQueue: Background execution not allowed: receiving Intent { act=android.intent.action.PACKAGE_REMOVED dat=package:com.android.todolist flg=0x4000010 (has extras) } to com.android.contacts/.quickcontact.PackageIntentReceiver
07-09 11:01:31.232  1360  1460 W BroadcastQueue: Background execution not allowed: receiving Intent { act=android.intent.action.PACKAGE_REMOVED dat=package:com.android.todolist flg=0x4000010 (has extras) } to com.android.settings/.lge.hotkey.PackageIntentReceiver
07-09 11:01:31.232  1360  1460 W BroadcastQueue: Background execution not allowed: receiving Intent { act=android.intent.action.PACKAGE_REMOVED dat=package:com.android.todolist flg=0x4000010 (has extras) } to com.android.vending/com.google.android.finsky.packagemanager.impl.PackageMonitorReceiverImpl$RegisteredReceiver
07-09 11:01:31.263 30748 30801 I Finsky  : [11935] fss.a(5): AIM: AppInfoManager-Perf > OnDeviceAppInfo > cacheHitCount=0, cacheMissCount=1. Missed  in cache (limit 10) : [com.android.todolist]
07-09 11:01:31.283  3663  3663 I GsaVoiceInteractionSrv: O received Intent { act=android.intent.action.PACKAGE_ADDED dat=package:com.android.todolist flg=0x4000010 (has extras) }
07-09 11:01:31.288  1360  4029 I ActivityManager: Force stopping com.android.todolist appid=11088 user=0: from pid 9145
07-09 11:01:31.301  1360  1460 W BroadcastQueue: Background execution not allowed: receiving Intent { act=android.intent.action.PACKAGE_REMOVED dat=package:com.android.todolist flg=0x4000010 (has extras) } to com.android.vending/com.google.android.finsky.instantapps.appmanagement.InstantAppRemoveMonitor
07-09 11:01:31.305  1360  1565 I MaxAspectRatioPackages: packageName : com.android.todolist updated= true  maxAspectRatio= 0.0   DisplayDevice = 2.0
07-09 11:01:31.305  1360  1565 I MaxAspectRatioPackages: packageName : com.android.todolist has been updated, but set as default
07-09 11:01:31.310  3734  3734 D [NFC]LNfcCommon:382: [Install payment app] - com.android.todolist
07-09 11:01:31.341 30748 30748 I Finsky  : [2] nok.mp(2): Installer: package com.android.todolist was removed. replacing: true
07-09 11:01:31.349 30748  9157 I Finsky  : [12067] ghr.a(16): Cancelled 0 ongoing asset module downloads for package com.android.todolist due to a concurrent app update.
07-09 11:01:31.352  1360  1360 D OverlayManager: onTargetPackageUpgraded packageName=com.android.todolist userId=0
07-09 11:01:31.354  1360  1460 W BroadcastQueue: Background execution not allowed: receiving Intent { act=android.intent.action.PACKAGE_REMOVED dat=package:com.android.todolist flg=0x4000010 (has extras) } to com.google.android.apps.maps/com.google.android.libraries.social.peoplekit.thirdparty.viewcontrollers.ThirdPartyReceiver
07-09 11:01:31.367  1360  1460 W BroadcastQueue: Background execution not allowed: receiving Intent { act=android.intent.action.PACKAGE_REMOVED dat=package:com.android.todolist flg=0x4000010 (has extras) } to com.google.android.apps.photos/com.google.android.libraries.social.peoplekit.thirdparty.viewcontrollers.ThirdPartyReceiver
07-09 11:01:31.367  1360  1460 W BroadcastQueue: Background execution not allowed: receiving Intent { act=android.intent.action.PACKAGE_REMOVED dat=package:com.android.todolist flg=0x4000010 (has extras) } to com.google.android.gms/.games.chimera.GamesSystemBroadcastReceiverProxy
07-09 11:01:31.403  1360  1460 W BroadcastQueue: Background execution not allowed: receiving Intent { act=android.intent.action.PACKAGE_REMOVED dat=package:com.android.todolist flg=0x4000010 (has extras) } to com.google.android.gms/.chimera.GmsIntentOperationService$PersistentTrustedReceiver
07-09 11:01:31.404  1360  1460 W BroadcastQueue: Background execution not allowed: receiving Intent { act=android.intent.action.PACKAGE_REMOVED dat=package:com.android.todolist flg=0x4000010 (has extras) } to com.google.android.googlequicksearchbox/com.google.android.apps.gsa.googlequicksearchbox.GelStubAppWatcher
07-09 11:01:31.405  1360  1460 W BroadcastQueue: Background execution not allowed: receiving Intent { act=android.intent.action.PACKAGE_REMOVED dat=package:com.android.todolist flg=0x4000010 (has extras) } to com.lge.NfcSettings/.Search.NfcSearchingDBUpdateReceiver
07-09 11:01:31.417 30748 30748 I Finsky  : [2] now.N(20): Installer: Notifying status update. package=com.android.todolist, status=UNINSTALLED
07-09 11:01:31.433  1360  1460 W BroadcastQueue: Background execution not allowed: receiving Intent { act=android.intent.action.PACKAGE_REMOVED dat=package:com.android.todolist flg=0x4000010 (has extras) } to com.lge.lgworld/.PackageInstallReceiver
07-09 11:01:31.436 30748 30748 I Finsky  : [2] tjz.n(8): Invalidating cached PackageState for com.android.todolist
07-09 11:01:31.441  3663  3663 I GsaVoiceInteractionSrv: O received Intent { act=android.intent.action.PACKAGE_REPLACED dat=package:com.android.todolist flg=0x4000010 (has extras) }
07-09 11:01:31.490  1360  9180 W BroadcastQueue: Background execution not allowed: receiving Intent { act=android.intent.action.PACKAGE_REMOVED dat=package:com.android.todolist flg=0x4000010 (has extras) } to com.alibaba.aliexpresshd/com.taobao.accs.EventReceiver
07-09 11:01:31.502  1360  1460 W BroadcastQueue: Background execution not allowed: receiving Intent { act=android.intent.action.PACKAGE_REMOVED dat=package:com.android.todolist flg=0x4000010 (has extras) } to com.facebook.katana/com.facebook.feed.platformads.AppInstallReceiver
07-09 11:01:31.502  1360 12456 I ActivityManager: START u0 {act=android.intent.action.MAIN cat=[android.intent.category.LAUNCHER] flg=0x10000000 cmp=com.android.todolist/.MainActivity} from uid 2000
07-09 11:01:31.540  3019 26541 D AutoGameModeMonitor: Display : 0  Package : u0 com.android.todolist  PrevPackage : u0 com.lge.launcher3
07-09 11:01:31.571  1360  9116 D ActivityManager: setVisibility true ActivityRecord{c53f32 u0 com.android.todolist/.MainActivity t9606}
07-09 11:01:31.581  3678  3678 D FRW_LGBroadcastRadioServiceStub: pkgName : com.android.todolistmClientPackagename :null
07-09 11:01:31.610 30748 30801 I Finsky  : [11935] fss.a(5): AIM: AppInfoManager-Perf > OnDeviceAppInfo > cacheHitCount=0, cacheMissCount=1. Missed  in cache (limit 10) : [com.android.todolist]
07-09 11:01:31.625 30748 30748 I Finsky  : [2] tjz.n(8): Invalidating cached PackageState for com.android.todolist
07-09 11:01:31.707 30748  9157 I Finsky  : [12067] ghr.a(24): Asset module broadcast after update successful for package com.android.todolist. 0 sessions broadcast.
07-09 11:01:31.707  1360  1464 I ActivityManager: Start proc 9193:com.android.todolist/u0a1088 for activity com.android.todolist/.MainActivity
07-09 11:01:31.739 30748 30748 I Finsky  : [2] VerifyInstallTask.mv(6): Verification complete: id=20, package_name=com.android.todolist
07-09 11:01:31.765  3419  9178 I FontLog : Package com.android.todolist has no metadata [CONTEXT service_id=132 ]
07-09 11:01:31.791 30748  9149 I Finsky  : [12066] oce.G(2): IQ: Notifying installation update. package=com.android.todolist, status=UNINSTALLED
07-09 11:01:32.114  1360  7069 W BroadcastQueue: Background execution not allowed: receiving Intent { act=android.intent.action.PACKAGE_REMOVED dat=package:com.android.todolist flg=0x4000010 (has extras) } to com.vkontakte.android/ru.mail.libverify.utils.PackageStateReceiver
07-09 11:01:32.118  1360  1460 W BroadcastQueue: Background execution not allowed: receiving Intent { act=android.intent.action.PACKAGE_REMOVED dat=package:com.android.todolist flg=0x4000010 (has extras) } to ru.mail.cloud/ru.mail.libverify.utils.PackageStateReceiver
07-09 11:01:32.119  1360  1460 W BroadcastQueue: Background execution not allowed: receiving Intent { act=android.intent.action.PACKAGE_REMOVED dat=package:com.android.todolist flg=0x4000010 (has extras) } to ru.mail.mailapp/ru.mail.libverify.utils.PackageStateReceiver
07-09 11:01:32.151  1360  3677 D ActivityManager: setVisibility true ActivityRecord{c53f32 u0 com.android.todolist/.MainActivity t9606}
07-09 11:01:32.231  1360  3677 D ActivityManager: setVisibility true ActivityRecord{c53f32 u0 com.android.todolist/.MainActivity t9606}
07-09 11:01:32.405  9193  9193 W ActivityThread: Application com.android.todolist can be debugged on port 8100...
07-09 11:01:32.416  8632  8632 D DualAppPackageInstallReceiver: Action : com.lge.broadcast.android.intent.action.PACKAGE_REMOVED, Target PackageName (com.android.todolist) is in whilte list : false , is updated = true , user id = 0
07-09 11:01:32.542  7688  7688 D AppUp4:PreloadHelper: removed from Exclude : com.android.todolist : 1
07-09 11:01:32.587  7704  7704 I [Shortcuts]AppWidget: onReceive: Intent { act=com.lge.broadcast.android.intent.action.PACKAGE_REMOVED dat=package:com.android.todolist flg=0x5000010 cmp=com.lge.coneshortcut/.ConeShortcuts (has extras) }
07-09 11:01:32.636  7771  7771 D [GameTuner]_PackageEvtReceiver: [onReceive():35] com.lge.broadcast.android.intent.action.PACKAGE_REMOVED, package:com.android.todolist, isReplacing? true
07-09 11:01:32.637  1360  4029 W BroadcastQueue: Background execution not allowed: receiving Intent { act=android.intent.action.PACKAGE_ADDED dat=package:com.android.todolist flg=0x4000010 (has extras) } to com.android.contacts/.quickcontact.PackageIntentReceiver
07-09 11:01:32.640  1360  1460 W BroadcastQueue: Background execution not allowed: receiving Intent { act=android.intent.action.PACKAGE_ADDED dat=package:com.android.todolist flg=0x4000010 (has extras) } to com.android.vending/com.google.android.finsky.packagemanager.impl.PackageMonitorReceiverImpl$RegisteredReceiver
07-09 11:01:32.640  1360  1460 W BroadcastQueue: Background execution not allowed: receiving Intent { act=android.intent.action.PACKAGE_ADDED dat=package:com.android.todolist flg=0x4000010 (has extras) } to com.facebook.appmanager/com.facebook.oxygen.common.packages.event.manifest.ManifestPackageEventReceiver
07-09 11:01:32.640  1360  1460 W BroadcastQueue: Background execution not allowed: receiving Intent { act=android.intent.action.PACKAGE_ADDED dat=package:com.android.todolist flg=0x4000010 (has extras) } to com.google.android.gms/.games.chimera.GamesSystemBroadcastReceiverProxy
07-09 11:01:32.640  1360  1460 W BroadcastQueue: Background execution not allowed: receiving Intent { act=android.intent.action.PACKAGE_ADDED dat=package:com.android.todolist flg=0x4000010 (has extras) } to com.google.android.gms/.gass.chimera.PackageChangeBroadcastReceiver
07-09 11:01:32.640  1360  1460 W BroadcastQueue: Background execution not allowed: receiving Intent { act=android.intent.action.PACKAGE_ADDED dat=package:com.android.todolist flg=0x4000010 (has extras) } to com.google.android.gms/.chimera.GmsIntentOperationService$PersistentTrustedReceiver
07-09 11:01:32.641  1360  1460 W BroadcastQueue: Background execution not allowed: receiving Intent { act=android.intent.action.PACKAGE_ADDED dat=package:com.android.todolist flg=0x4000010 (has extras) } to com.google.android.googlequicksearchbox/com.google.android.apps.gsa.googlequicksearchbox.GelStubAppWatcher
07-09 11:01:32.641  1360  1460 W BroadcastQueue: Background execution not allowed: receiving Intent { act=android.intent.action.PACKAGE_ADDED dat=package:com.android.todolist flg=0x4000010 (has extras) } to com.lge.NfcSettings/.Search.NfcSearchingDBUpdateReceiver
07-09 11:01:32.641  1360  1460 W BroadcastQueue: Background execution not allowed: receiving Intent { act=android.intent.action.PACKAGE_ADDED dat=package:com.android.todolist flg=0x4000010 (has extras) } to com.lge.coneshortcut/.ConeShortcuts
07-09 11:01:32.641  1360  1460 W BroadcastQueue: Background execution not allowed: receiving Intent { act=android.intent.action.PACKAGE_ADDED dat=package:com.android.todolist flg=0x4000010 (has extras) } to com.lge.eula/.service.LicenseProviderUpdateObserver
07-09 11:01:32.641  1360  1460 W BroadcastQueue: Background execution not allowed: receiving Intent { act=android.intent.action.PACKAGE_ADDED dat=package:com.android.todolist flg=0x4000010 (has extras) } to com.lge.lgworld/.PackageInstallReceiver
07-09 11:01:32.647  1360  4029 W BroadcastQueue: Background execution not allowed: receiving Intent { act=android.intent.action.PACKAGE_ADDED dat=package:com.android.todolist flg=0x4000010 (has extras) } to com.facebook.katana/com.facebook.feed.platformads.AppInstallReceiver
07-09 11:01:32.650  1360  1460 W BroadcastQueue: Background execution not allowed: receiving Intent { act=android.intent.action.PACKAGE_ADDED dat=package:com.android.todolist flg=0x4000010 (has extras) } to com.grigerlab.transport.minsk/com.appodeal.ads.AppodealPackageAddedReceiver
07-09 11:01:32.656  9185  9185 I FriendsReceiver: update packageName :com.android.todolist
07-09 11:01:32.658  1360  3726 W BroadcastQueue: Background execution not allowed: receiving Intent { act=android.intent.action.PACKAGE_ADDED dat=package:com.android.todolist flg=0x4000010 (has extras) } to com.tutotoons.app.smolsiesmycutepethouse.free/com.kidoz.sdk.api.receivers.SdkReceiver
07-09 11:01:32.667  8632  8632 D DualAppPackageInstallReceiver: Action : com.lge.broadcast.android.intent.action.PACKAGE_ADDED, Target PackageName (com.android.todolist) is in whilte list : false , is updated = true , user id = 0
07-09 11:01:32.679  7704  7704 I [Shortcuts]AppWidget: onReceive: Intent { act=com.lge.broadcast.android.intent.action.PACKAGE_ADDED dat=package:com.android.todolist flg=0x5000010 cmp=com.lge.coneshortcut/.ConeShortcuts (has extras) }
07-09 11:01:32.912  7771  7771 D [GameTuner]_PackageEvtReceiver: [onReceive():35] com.lge.broadcast.android.intent.action.PACKAGE_ADDED, package:com.android.todolist, isReplacing? true
07-09 11:01:32.980  7771  9259 D [GameTuner]_GameDetector: [onHandleIntent():86] com.lge.broadcast.android.intent.action.PACKAGE_ADDED, com.android.todolist, mIsUserAgree? false
07-09 11:01:32.983  7771  9259 D [GameTuner]_GameDetector: [onHandleIntent():89] com.android.todolist, start detecting.
07-09 11:01:33.104  7771  9259 D [GameTuner]_GameTunerPreDefinedDbHelper: [checkPredefinedDB():160] com.android.todolist, samePackageNameCount? 0, status? NOT_IN_DB
07-09 11:01:33.113  7771  9259 D [GameTuner]_GameDetector: [queryGooglePlayStore():207] com.android.todolist, isWifiConnected? false, isNetworkAvailable? true, mIsUserAgree? false, Not allowed to use network. duration? 8ms
07-09 11:01:33.330 30748 30748 I Finsky  : [2] tjz.n(8): Invalidating cached PackageState for com.android.todolist
07-09 11:01:33.363  1360  9621 W BroadcastQueue: Background execution not allowed: receiving Intent { act=android.intent.action.PACKAGE_REPLACED dat=package:com.android.todolist flg=0x4000010 (has extras) } to com.android.contacts/.quickcontact.PackageIntentReceiver
07-09 11:01:33.367  1360  1460 W BroadcastQueue: Background execution not allowed: receiving Intent { act=android.intent.action.PACKAGE_REPLACED dat=package:com.android.todolist flg=0x4000010 (has extras) } to com.android.contacts/com.lge.contacts.util.LauncherStateReceiver
07-09 11:01:33.367  1360  1460 W BroadcastQueue: Background execution not allowed: receiving Intent { act=android.intent.action.PACKAGE_REPLACED dat=package:com.android.todolist flg=0x4000010 (has extras) } to com.facebook.appmanager/com.facebook.oxygen.common.packages.event.manifest.ManifestPackageEventReceiver
07-09 11:01:33.367  1360  1460 W BroadcastQueue: Background execution not allowed: receiving Intent { act=android.intent.action.PACKAGE_REPLACED dat=package:com.android.todolist flg=0x4000010 (has extras) } to com.google.android.apps.photos/.account.full.FetchAccountPropertiesAppUpgradeBroadcastReceiver
07-09 11:01:33.368  1360  1460 W BroadcastQueue: Background execution not allowed: receiving Intent { act=android.intent.action.PACKAGE_REPLACED dat=package:com.android.todolist flg=0x4000010 (has extras) } to com.google.android.apps.photos/.account.full.SyncAccountsForLoginBroadcastReceiver
07-09 11:01:33.368  1360  1460 W BroadcastQueue: Background execution not allowed: receiving Intent { act=android.intent.action.PACKAGE_REPLACED dat=package:com.android.todolist flg=0x4000010 (has extras) } to com.google.android.apps.photos/.notificationchannels.AppUpdateBroadcastReceiver
07-09 11:01:33.368  1360  1460 W BroadcastQueue: Background execution not allowed: receiving Intent { act=android.intent.action.PACKAGE_REPLACED dat=package:com.android.todolist flg=0x4000010 (has extras) } to com.google.android.gms/.gass.chimera.PackageChangeBroadcastReceiver
07-09 11:01:33.368  1360  1460 W BroadcastQueue: Background execution not allowed: receiving Intent { act=android.intent.action.PACKAGE_REPLACED dat=package:com.android.todolist flg=0x4000010 (has extras) } to com.google.android.gms/.chimera.GmsIntentOperationService$PersistentTrustedReceiver
07-09 11:01:33.369  1360  1460 W BroadcastQueue: Background execution not allowed: receiving Intent { act=android.intent.action.PACKAGE_REPLACED dat=package:com.android.todolist flg=0x4000010 (has extras) } to com.google.android.googlequicksearchbox/com.google.android.apps.gsa.googlequicksearchbox.GelStubAppWatcher
07-09 11:01:33.369  1360  1460 W BroadcastQueue: Background execution not allowed: receiving Intent { act=android.intent.action.PACKAGE_REPLACED dat=package:com.android.todolist flg=0x4000010 (has extras) } to com.lge.lgworld/.PackageInstallReceiver
07-09 11:01:33.369  1360  1460 W BroadcastQueue: Background execution not allowed: receiving Intent { act=android.intent.action.PACKAGE_REPLACED dat=package:com.android.todolist flg=0x4000010 (has extras) } to com.instagram.android/com.instagram.dogfood.selfupdate.SelfUpdateUpgradeEventReceiver
07-09 11:01:33.376  1360  9621 W BroadcastQueue: Background execution not allowed: receiving Intent { act=android.intent.action.PACKAGE_REPLACED dat=package:com.android.todolist flg=0x4000010 (has extras) } to com.vkontakte.android/ru.mail.libverify.utils.PackageStateReceiver
07-09 11:01:33.378  1360  1460 W BroadcastQueue: Background execution not allowed: receiving Intent { act=android.intent.action.PACKAGE_REPLACED dat=package:com.android.todolist flg=0x4000010 (has extras) } to ru.mail.cloud/ru.mail.libverify.utils.PackageStateReceiver
07-09 11:01:33.378  1360  1460 W BroadcastQueue: Background execution not allowed: receiving Intent { act=android.intent.action.PACKAGE_REPLACED dat=package:com.android.todolist flg=0x4000010 (has extras) } to ru.mail.mailapp/ru.mail.libverify.utils.PackageStateReceiver
07-09 11:01:33.386  7704  7704 I [Shortcuts]AppWidget: onReceive: Intent { act=com.lge.broadcast.android.intent.action.PACKAGE_REPLACED dat=package:com.android.todolist flg=0x5000010 cmp=com.lge.coneshortcut/.ConeShortcuts (has extras) }
07-09 11:01:34.801 14434 14434 I [LGHome6]Launcher.Model: enqueuePackageUpdated: mOp = OP_UPDATE, packageName = [com.android.todolist], User = &s
07-09 11:01:34.804 14434 14497 I [LGHome6]Launcher.Model: PackageUpdatedTask.run() : Op{OP_UPDATE}, Package{[com.android.todolist]}, UserHandle{0}
07-09 11:01:38.060  4755  4800 I DeviceAppInfoWork: remove existing package for update: com.android.todolist
07-09 11:01:38.060  4755  4794 I DeviceAppInfoWork: remove existing package for update: com.android.todolist
07-09 11:07:15.461  1360 12456 D ActivityManager: setVisibility false ActivityRecord{c53f32 u0 com.android.todolist/.MainActivity t9606}
07-09 11:10:00.609  1360  2587 D ActivityManager: setVisibility true ActivityRecord{c53f32 u0 com.android.todolist/.MainActivity t9606}
07-09 11:10:00.615  1360  2587 D ActivityManager: setVisibility true ActivityRecord{c53f32 u0 com.android.todolist/.MainActivity t9606}
07-09 11:10:03.833 28587 28587 D InputViewProxy: startInputView() : com.android.todolist
07-09 11:10:03.911  3019  3254 D Cliptray Service: packageName : com.android.todolist
07-09 11:10:04.122  3419 10020 W mwe     : Infinite Data has no result for 9677661882425161_com.android.todolist [CONTEXT service_id=177 ]
07-09 11:10:04.132  3419 12840 W mwe     : Infinite Data has no result for 9677661882425161_com.android.todolist [CONTEXT service_id=177 ]
07-09 11:10:04.173  3419 10554 W mwe     : Infinite Data has no result for 9677661882425161_com.android.todolist [CONTEXT service_id=177 ]
07-09 11:10:04.176  3419 10554 W mwe     : Infinite Data has no result for 9677661882425161_com.android.todolist [CONTEXT service_id=177 ]
07-09 11:10:10.543 28587 28587 D InputViewProxy: startInputView() : com.android.todolist
07-09 11:10:10.576  3019  3254 D Cliptray Service: packageName : com.android.todolist
07-09 11:10:10.594  3419 10556 W mwe     : Infinite Data has no result for 9677661882425161_com.android.todolist [CONTEXT service_id=177 ]
07-09 11:10:10.594  3419 26461 W mwe     : Infinite Data has no result for 9677661882425161_com.android.todolist [CONTEXT service_id=177 ]
07-09 11:10:10.598  3419 26874 W mwe     : Infinite Data has no result for 9677661882425161_com.android.todolist [CONTEXT service_id=177 ]
07-09 11:10:10.606  3419 26874 W mwe     : Infinite Data has no result for 9677661882425161_com.android.todolist [CONTEXT service_id=177 ]
07-09 11:12:33.033 28587 28587 D InputViewProxy: startInputView() : com.android.todolist
07-09 11:12:33.067  3019 26541 D Cliptray Service: packageName : com.android.todolist
07-09 11:12:33.165  3419 26874 W mwe     : Infinite Data has no result for 9677661882425161_com.android.todolist [CONTEXT service_id=177 ]
07-09 11:12:33.164  3419 10020 W mwe     : Infinite Data has no result for 9677661882425161_com.android.todolist [CONTEXT service_id=177 ]
07-09 11:12:33.218  3419 12840 W mwe     : Infinite Data has no result for 9677661882425161_com.android.todolist [CONTEXT service_id=177 ]
07-09 11:12:33.221  3419 12840 W mwe     : Infinite Data has no result for 9677661882425161_com.android.todolist [CONTEXT service_id=177 ]
07-09 11:12:48.559 28587 28587 D InputViewProxy: startInputView() : com.android.todolist
07-09 11:12:48.599  3019 26541 D Cliptray Service: packageName : com.android.todolist
07-09 11:12:48.645  3419 10554 W mwe     : Infinite Data has no result for 9677661882425161_com.android.todolist [CONTEXT service_id=177 ]
07-09 11:12:48.649  3419 10835 W mwe     : Infinite Data has no result for 9677661882425161_com.android.todolist [CONTEXT service_id=177 ]
07-09 11:12:48.699   667  3280 I SurfaceFlinger: create ContainerLayer(0x752f754000) Surface(name=e0fb130 com.android.todolist/com.android.todolist.MainActivity)/@0x942a32e - animation-leash (5760 x 5760)
07-09 11:12:48.817   667   667 I MiniDump: 0x752fb85000 |     Device | 1.000 |    0    0 1440 2880 |   0.0   0.0 1440.0 2880.0 | com.android.todolist/com.[...]olist.MainActivity@9193#0
07-09 11:12:48.817   667   667 I MiniDump: 0x752f68a000 |     Device | 1.000 |    0  329 1440 1486 |  92.0   0.0 1532.0 1157.0 | com.android.todolist/com.[...]olist.MainActivity@9193#1
07-09 11:12:49.162   667   667 I SurfaceFlinger: Removed ContainerLayer(0x752f754000) Surface(name=e0fb130 com.android.todolist/com.android.todolist.MainActivity)/@0x942a32e - animation-leash#0 (5760 x 5760)
07-09 11:12:49.776  3019 26541 D Cliptray Service: packageName : com.android.todolist
07-09 11:12:53.603   667   723 I SurfaceFlinger: create ContainerLayer(0x7531c7d000) Surface(name=e0fb130 com.android.todolist/com.android.todolist.MainActivity)/@0x942a32e - animation-leash (5760 x 5760)
07-09 11:12:53.949   667   667 I MiniDump: 0x752fb85000 |     Device | 1.000 |    0    0 1440 2880 |   0.0   0.0 1440.0 2880.0 | com.android.todolist/com.[...]olist.MainActivity@9193#0
07-09 11:12:53.949   667   667 I MiniDump: 0x752f68a000 |     Device | 1.000 |    0  805 1440 1962 |  92.0   0.0 1532.0 1157.0 | com.android.todolist/com.[...]olist.MainActivity@9193#1
07-09 11:12:54.056   667   667 I SurfaceFlinger: Removed ContainerLayer(0x7531c7d000) Surface(name=e0fb130 com.android.todolist/com.android.todolist.MainActivity)/@0x942a32e - animation-leash#0 (5760 x 5760)
07-09 11:12:55.380   667   731 I SurfaceFlinger: create ContainerLayer(0x752f6b4000) Surface(name=e0fb130 com.android.todolist/com.android.todolist.MainActivity)/@0x942a32e - animation-leash (5760 x 5760)
07-09 11:12:55.563   667  2547 W SurfaceFlinger: Attempting to set client state on removed layer: com.android.todolist/com.android.todolist.MainActivity@9193#1
07-09 11:12:55.563   667  2547 W SurfaceFlinger: Attempting to destroy on removed layer: com.android.todolist/com.android.todolist.MainActivity@9193#1
07-09 11:12:55.573   667   667 I SurfaceFlinger: Removed BufferLayer(0x752f68a000) com.android.todolist/com.android.todolist.MainActivity@9193#1 (1624 x 1157)
07-09 11:12:55.574   667   667 I SurfaceFlinger: Removed ContainerLayer(0x752f6b4000) Surface(name=e0fb130 com.android.todolist/com.android.todolist.MainActivity)/@0x942a32e - animation-leash#0 (5760 x 5760)
07-09 11:12:55.574   667   667 I SurfaceFlinger: Removed ContainerLayer(0x752fb7d000) e0fb130 com.android.todolist/com.android.todolist.MainActivity#0 (5760 x 5760)
07-09 11:12:55.580   667   667 I MiniDump: 0x752fb85000 |     Device | 1.000 |    0    0 1440 2880 |   0.0   0.0 1440.0 2880.0 | com.android.todolist/com.[...]olist.MainActivity@9193#0
07-09 11:18:06.125  1360  1463 I SystemUI[Framework]: ==> disableLocked() userId=0, what=0x0, token=android.os.Binder@5897f25, pkg=Window{5bfde74 u0 com.android.todolist/com.android.todolist.MainActivity}, whichFlag=1, bar=com.android.internal.statusbar.IStatusBar$Stub$Proxy@7acb93f
07-09 11:18:55.472  1360  5047 D ActivityManager: setVisibility false ActivityRecord{c53f32 u0 com.android.todolist/.MainActivity t9606}
07-09 11:18:55.477  1360  1463 I SystemUI[Framework]: ==> disableLocked() userId=0, what=0x0, token=android.os.Binder@5897f25, pkg=Window{5bfde74 u0 com.android.todolist/com.android.todolist.MainActivity}, whichFlag=1, bar=com.android.internal.statusbar.IStatusBar$Stub$Proxy@7acb93f
07-09 11:18:55.494  1360  5047 D InputDispatcher: Focus left window: Window{5bfde74 u0 com.android.todolist/com.android.todolist.MainActivity}
07-09 11:18:55.544   667   667 I SurfaceFlinger: Removed BufferLayer(0x752fb85000) com.android.todolist/com.android.todolist.MainActivity@9193#0 (1440 x 2880)
07-09 11:19:54.840  1360  9013 D ActivityManager: setVisibility true ActivityRecord{c53f32 u0 com.android.todolist/.MainActivity t9606}
07-09 11:19:54.857  1360  9013 D ActivityManager: setVisibility true ActivityRecord{c53f32 u0 com.android.todolist/.MainActivity t9606}
07-09 11:19:54.960   667  1563 I SurfaceFlinger: create ContainerLayer(0x752f6a2000) Surface(name=AppWindowToken{e6b1600 token=Token{fe95483 ActivityRecord{c53f32 u0 com.android.todolist/.MainActivity t9606}}})/@0xfbe8ad9 - animation-leash (5760 x 5760)
07-09 11:19:54.990   667  1563 I SurfaceFlinger: create BufferLayer(0x752f763000) com.android.todolist/com.android.todolist.MainActivity@9193 (1440 x 2880)
07-09 11:19:55.058   667   667 I MiniDump: 0x752f763000 |     Device | 1.000 |    0    0 1440 2880 | 135.0 270.0 1305.0 2610.0 | com.android.todolist/com.[...]olist.MainActivity@9193#0
07-09 11:19:55.160   667   667 I MiniDump: 0x752f763000 |     Device | 1.000 |    0    0 1440 2880 |  47.0  95.0 1393.0 2785.0 | com.android.todolist/com.[...]olist.MainActivity@9193#0
07-09 11:19:55.240   667   667 I MiniDump: 0x752f763000 |     Device | 1.000 |    0    0 1440 2880 |  17.0  34.0 1423.0 2846.0 | com.android.todolist/com.[...]olist.MainActivity@9193#0
07-09 11:19:55.257  1360  9621 D InputDispatcher: Focus entered window: Window{5bfde74 u0 com.android.todolist/com.android.todolist.MainActivity}
07-09 11:19:55.260  1360  1463 I SystemUI[Framework]: ==> disableLocked() userId=0, what=0x0, token=android.os.Binder@5897f25, pkg=Window{5bfde74 u0 com.android.todolist/com.android.todolist.MainActivity}, whichFlag=1, bar=com.android.internal.statusbar.IStatusBar$Stub$Proxy@7acb93f
07-09 11:19:55.266  1360  1463 I SystemUI[Framework]: ==> disableLocked() userId=0, what=0x0, token=android.os.Binder@5897f25, pkg=Window{5bfde74 u0 com.android.todolist/com.android.todolist.MainActivity}, whichFlag=1, bar=com.android.internal.statusbar.IStatusBar$Stub$Proxy@7acb93f
07-09 11:19:55.285  1360  1463 I SystemUI[Framework]: ==> disableLocked() userId=0, what=0x0, token=android.os.Binder@5897f25, pkg=Window{5bfde74 u0 com.android.todolist/com.android.todolist.MainActivity}, whichFlag=1, bar=com.android.internal.statusbar.IStatusBar$Stub$Proxy@7acb93f
07-09 11:19:55.311  1360  1463 I SystemUI[Framework]: ==> disableLocked() userId=0, what=0x0, token=android.os.Binder@5897f25, pkg=Window{5bfde74 u0 com.android.todolist/com.android.todolist.MainActivity}, whichFlag=1, bar=com.android.internal.statusbar.IStatusBar$Stub$Proxy@7acb93f
07-09 11:19:55.367  1360  1463 I SystemUI[Framework]: ==> disableLocked() userId=0, what=0x0, token=android.os.Binder@5897f25, pkg=Window{5bfde74 u0 com.android.todolist/com.android.todolist.MainActivity}, whichFlag=1, bar=com.android.internal.statusbar.IStatusBar$Stub$Proxy@7acb93f
07-09 11:19:55.398  1360  1463 I SystemUI[Framework]: ==> disableLocked() userId=0, what=0x0, token=android.os.Binder@5897f25, pkg=Window{5bfde74 u0 com.android.todolist/com.android.todolist.MainActivity}, whichFlag=1, bar=com.android.internal.statusbar.IStatusBar$Stub$Proxy@7acb93f
07-09 11:19:55.399  1360  1463 I SystemUI[Framework]: ==> disableLocked() userId=0, what=0x0, token=android.os.Binder@5897f25, pkg=Window{5bfde74 u0 com.android.todolist/com.android.todolist.MainActivity}, whichFlag=1, bar=com.android.internal.statusbar.IStatusBar$Stub$Proxy@7acb93f
07-09 11:19:55.402   667   667 I SurfaceFlinger: Removed ContainerLayer(0x752f6a2000) Surface(name=AppWindowToken{e6b1600 token=Token{fe95483 ActivityRecord{c53f32 u0 com.android.todolist/.MainActivity t9606}}})/@0xfbe8ad9 - animation-leash#0 (5760 x 5760)
07-09 11:19:55.413  1360  1463 I SystemUI[Framework]: ==> disableLocked() userId=0, what=0x0, token=android.os.Binder@5897f25, pkg=Window{5bfde74 u0 com.android.todolist/com.android.todolist.MainActivity}, whichFlag=1, bar=com.android.internal.statusbar.IStatusBar$Stub$Proxy@7acb93f
07-09 11:19:55.433  1360  1463 I SystemUI[Framework]: ==> disableLocked() userId=0, what=0x0, token=android.os.Binder@5897f25, pkg=Window{5bfde74 u0 com.android.todolist/com.android.todolist.MainActivity}, whichFlag=1, bar=com.android.internal.statusbar.IStatusBar$Stub$Proxy@7acb93f
07-09 11:19:55.504   667   667 I MiniDump: 0x752f763000 |     Device | 1.000 |    0    0 1440 2880 |   0.0   0.0 1440.0 2880.0 | com.android.todolist/com.[...]olist.MainActivity@9193#0
07-09 11:19:55.587  1360  1463 I SystemUI[Framework]: ==> disableLocked() userId=0, what=0x0, token=android.os.Binder@5897f25, pkg=Window{5bfde74 u0 com.android.todolist/com.android.todolist.MainActivity}, whichFlag=1, bar=com.android.internal.statusbar.IStatusBar$Stub$Proxy@7acb93f
07-09 11:19:55.607  1360  1463 I SystemUI[Framework]: ==> disableLocked() userId=0, what=0x0, token=android.os.Binder@5897f25, pkg=Window{5bfde74 u0 com.android.todolist/com.android.todolist.MainActivity}, whichFlag=1, bar=com.android.internal.statusbar.IStatusBar$Stub$Proxy@7acb93f
07-09 11:19:56.874  1360  2561 D InputTransport: channel '5bfde74 com.android.todolist/com.android.todolist.MainActivity (server)' : action=ACTION_DOWN(0), id=0, tooltype=1, deviceId=3, source=0x1002, flags=0x0, edgeFlags=0x0, metaState=0x0, buttonState=0x0, downTime=313283105011000, eventTime=313283105011000, pointerCount=1
07-09 11:19:56.929  1360  2561 D InputTransport: channel '5bfde74 com.android.todolist/com.android.todolist.MainActivity (server)' : action=ACTION_UP(0), id=0, tooltype=1, deviceId=3, source=0x1002, flags=0x0, edgeFlags=0x0, metaState=0x0, buttonState=0x0, downTime=313283105011000, eventTime=313283161106000, pointerCount=1
07-09 11:19:57.116   667  1563 I SurfaceFlinger: create ContainerLayer(0x752fb25000) fe482a9 com.android.todolist/com.android.todolist.MainActivity (5760 x 5760)
07-09 11:19:57.120  1360  3079 D InputDispatcher: Focus left window: Window{5bfde74 u0 com.android.todolist/com.android.todolist.MainActivity}
07-09 11:19:57.120  1360  3079 D InputDispatcher: Focus entered window: Window{fe482a9 u0 com.android.todolist/com.android.todolist.MainActivity}
07-09 11:19:57.125  1360  1463 I SystemUI[Framework]: ==> disableLocked() userId=0, what=0x0, token=android.os.Binder@5897f25, pkg=Window{fe482a9 u0 com.android.todolist/com.android.todolist.MainActivity}, whichFlag=1, bar=com.android.internal.statusbar.IStatusBar$Stub$Proxy@7acb93f
07-09 11:19:57.159  1360  1463 I SystemUI[Framework]: ==> disableLocked() userId=0, what=0x0, token=android.os.Binder@5897f25, pkg=Window{fe482a9 u0 com.android.todolist/com.android.todolist.MainActivity}, whichFlag=1, bar=com.android.internal.statusbar.IStatusBar$Stub$Proxy@7acb93f
07-09 11:19:57.160   667  2547 D SurfaceFlinger: duplicate layer name: changing com.android.todolist/com.android.todolist.MainActivity@9193 to com.android.todolist/com.android.todolist.MainActivity@9193#1
07-09 11:19:57.160   667  2547 I SurfaceFlinger: create BufferLayer(0x7531c63000) com.android.todolist/com.android.todolist.MainActivity@9193 (1624 x 1157)
07-09 11:19:57.161  1360  1463 I SystemUI[Framework]: ==> disableLocked() userId=0, what=0x0, token=android.os.Binder@5897f25, pkg=Window{fe482a9 u0 com.android.todolist/com.android.todolist.MainActivity}, whichFlag=1, bar=com.android.internal.statusbar.IStatusBar$Stub$Proxy@7acb93f
07-09 11:19:57.225  1360  1463 I SystemUI[Framework]: ==> disableLocked() userId=0, what=0x0, token=android.os.Binder@5897f25, pkg=Window{fe482a9 u0 com.android.todolist/com.android.todolist.MainActivity}, whichFlag=1, bar=com.android.internal.statusbar.IStatusBar$Stub$Proxy@7acb93f
07-09 11:19:57.229  1360  1463 I SystemUI[Framework]: ==> disableLocked() userId=0, what=0x0, token=android.os.Binder@5897f25, pkg=Window{fe482a9 u0 com.android.todolist/com.android.todolist.MainActivity}, whichFlag=1, bar=com.android.internal.statusbar.IStatusBar$Stub$Proxy@7acb93f
07-09 11:19:57.238   667  1563 I SurfaceFlinger: create ContainerLayer(0x752f78f000) Surface(name=fe482a9 com.android.todolist/com.android.todolist.MainActivity)/@0x2157cf - animation-leash (5760 x 5760)
